<html>
<body>
<pre>
<h1>µVision Build Log</h1>
<h2>Tool Versions:</h2>
IDE-Version: µVision V5.36.0.0
Copyright (C) 2021 ARM Ltd and ARM Germany GmbH. All rights reserved.
License Information: asd asd, qrw, LIC=JL28G-VHVUS-EVQ1R-KPRJV-ERB79-T7XGC
 
Tool Versions:
Toolchain:       MDK-ARM Plus  Version: 5.36.0.0
Toolchain Path:  C:\Keil_v5\ARM\ARMCC\Bin
C Compiler:      Armcc.exe V5.06 update 7 (build 960)
Assembler:       Armasm.exe V5.06 update 7 (build 960)
Linker/Locator:  ArmLink.exe V5.06 update 7 (build 960)
Library Manager: ArmAr.exe V5.06 update 7 (build 960)
Hex Converter:   FromElf.exe V5.06 update 7 (build 960)
CPU DLL:         SARMCM3.DLL V5.36.0.0
Dialog DLL:      DCM.DLL V1.17.3.0
Target DLL:      STLink\ST-LINKIII-KEIL_SWO.dll V3.0.9.0
Dialog DLL:      TCM.DLL V1.53.0.0
 
<h2>Project:</h2>
D:\Users\User\Desktop\Mitr_Dima_Project_STM32F103 - Copy\MDK-ARM\Ashot_test5.uvprojx
Project File Date:  10/17/2022

<h2>Output:</h2>
*** Using Compiler 'V5.06 update 7 (build 960)', folder: 'C:\Keil_v5\ARM\ARMCC\Bin'
Build target 'Ashot_test5'
assembling startup_stm32f103xb.s...
compiling main.c...
../Core/Src/main.c(214): warning:  #550-D: variable "DMA1_s"  was set but never used
    DMA_TypeDef *DMA1_s;
../Core/Src/main.c(720): warning:  #167-D: argument of type "uint8_t *" is incompatible with parameter of type "char *restrict"
  					sprintf(trans_str2, "Ampl: %.3f", Ampl1_9);
../Core/Src/main.c(722): warning:  #167-D: argument of type "uint8_t *" is incompatible with parameter of type "char *restrict"
  					sprintf(trans_str2, "phi:  %.3f",phi1_9);
../Core/Src/main.c(724): warning:  #167-D: argument of type "uint8_t *" is incompatible with parameter of type "char *restrict"
  					sprintf(trans_str2, "Amp2: %.3f", Ampl1_10);
../Core/Src/main.c(726): warning:  #167-D: argument of type "uint8_t *" is incompatible with parameter of type "char *restrict"
  					sprintf(trans_str2, "phi:  %.3f",phi1_10);
../Core/Src/main.c(728): warning:  #167-D: argument of type "uint8_t *" is incompatible with parameter of type "char *restrict"
  					sprintf(trans_str2, "Amp3: %.3f", Ampl2_9_10);
../Core/Src/main.c(730): warning:  #167-D: argument of type "uint8_t *" is incompatible with parameter of type "char *restrict"
  					sprintf(trans_str2, "phi:  %.3f",phi2_9_10);
../Core/Src/main.c(739): warning:  #167-D: argument of type "uint8_t *" is incompatible with parameter of type "char *restrict"
  					sprintf(trans_str2, "phi_sc: %.3f",phi_end);
../Core/Src/main.c(741): warning:  #167-D: argument of type "uint8_t *" is incompatible with parameter of type "char *restrict"
  					sprintf(trans_str2, "Amp1: %.3f", Ampl1_9);
../Core/Src/main.c(743): warning:  #167-D: argument of type "uint8_t *" is incompatible with parameter of type "char *restrict"
  					sprintf(trans_str2, "Amp2: %.3f", Ampl1_10);
../Core/Src/main.c(751): warning:  #167-D: argument of type "uint8_t *" is incompatible with parameter of type "char *restrict"
  					sprintf(trans_str2, "phi_sc: %.3f",phi_end_elevation);
../Core/Src/main.c(753): warning:  #167-D: argument of type "uint8_t *" is incompatible with parameter of type "char *restrict"
  					sprintf(trans_str2, "Amp1: %.3f", Ampl1_9);
../Core/Src/main.c(755): warning:  #167-D: argument of type "uint8_t *" is incompatible with parameter of type "char *restrict"
  					sprintf(trans_str2, "Amp2: %.3f", Ampl1_10);
../Core/Src/main.c(1056): warning:  #177-D: function "MX_USART1_UART_Init"  was declared but never referenced
  static void MX_USART1_UART_Init(void)
../Core/Src/main.c(947): warning:  #177-D: function "MX_CRC_Init"  was declared but never referenced
  static void MX_CRC_Init(void)
../Core/Src/main.c: 15 warnings, 0 errors
linking...
Program Size: Code=32810 RO-data=1214 RW-data=652 ZI-data=16988  
FromELF: creating hex file...
"Ashot_test5\Ashot_test5.axf" - 0 Error(s), 15 Warning(s).

<h2>Software Packages used:</h2>

Package Vendor: ARM
                http://www.keil.com/pack/ARM.CMSIS.5.9.0.pack
                ARM.CMSIS.5.9.0
                CMSIS (Common Microcontroller Software Interface Standard)
   * Component: CORE Version: 5.6.0

Package Vendor: Keil
                http://www.keil.com/pack/Keil.STM32F1xx_DFP.2.3.0.pack
                Keil.STM32F1xx_DFP.2.3.0
                STMicroelectronics STM32F1 Series Device Support, Drivers and Examples

<h2>Collection of Component include folders:</h2>
  .\RTE\_Ashot_test5
  C:\Users\User\AppData\Local\Arm\Packs\ARM\CMSIS\5.9.0\CMSIS\Core\Include
  C:\Users\User\AppData\Local\Arm\Packs\Keil\STM32F1xx_DFP\2.3.0\Device\Include

<h2>Collection of Component Files used:</h2>

   * Component: ARM::CMSIS:CORE:5.6.0
      Include file:  CMSIS\Core\Include\tz_context.h
Build Time Elapsed:  00:00:02
</pre>
</body>
</html>
