Component: ARM Compiler 5.06 update 7 (build 960) Tool: armlink [4d3601]

==============================================================================

Section Cross References

    startup_stm32f103xb.o(STACK) refers (Special) to heapauxi.o(.text) for __use_two_region_memory
    startup_stm32f103xb.o(HEAP) refers (Special) to heapauxi.o(.text) for __use_two_region_memory
    startup_stm32f103xb.o(RESET) refers (Special) to heapauxi.o(.text) for __use_two_region_memory
    startup_stm32f103xb.o(RESET) refers to startup_stm32f103xb.o(STACK) for __initial_sp
    startup_stm32f103xb.o(RESET) refers to startup_stm32f103xb.o(.text) for Reset_Handler
    startup_stm32f103xb.o(RESET) refers to stm32f1xx_it.o(i.NMI_Handler) for NMI_Handler
    startup_stm32f103xb.o(RESET) refers to stm32f1xx_it.o(i.HardFault_Handler) for HardFault_Handler
    startup_stm32f103xb.o(RESET) refers to stm32f1xx_it.o(i.MemManage_Handler) for MemManage_Handler
    startup_stm32f103xb.o(RESET) refers to stm32f1xx_it.o(i.BusFault_Handler) for BusFault_Handler
    startup_stm32f103xb.o(RESET) refers to stm32f1xx_it.o(i.UsageFault_Handler) for UsageFault_Handler
    startup_stm32f103xb.o(RESET) refers to stm32f1xx_it.o(i.SVC_Handler) for SVC_Handler
    startup_stm32f103xb.o(RESET) refers to stm32f1xx_it.o(i.DebugMon_Handler) for DebugMon_Handler
    startup_stm32f103xb.o(RESET) refers to stm32f1xx_it.o(i.PendSV_Handler) for PendSV_Handler
    startup_stm32f103xb.o(RESET) refers to stm32f1xx_it.o(i.SysTick_Handler) for SysTick_Handler
    startup_stm32f103xb.o(RESET) refers to main.o(i.DMA1_Channel1_IRQHandler) for DMA1_Channel1_IRQHandler
    startup_stm32f103xb.o(RESET) refers to stm32f1xx_it.o(i.ADC1_2_IRQHandler) for ADC1_2_IRQHandler
    startup_stm32f103xb.o(RESET) refers to stm32f1xx_it.o(i.USB_LP_CAN1_RX0_IRQHandler) for USB_LP_CAN1_RX0_IRQHandler
    startup_stm32f103xb.o(RESET) refers to stm32f1xx_it.o(i.TIM1_UP_IRQHandler) for TIM1_UP_IRQHandler
    startup_stm32f103xb.o(.text) refers (Special) to heapauxi.o(.text) for __use_two_region_memory
    startup_stm32f103xb.o(.text) refers to system_stm32f1xx.o(i.SystemInit) for SystemInit
    startup_stm32f103xb.o(.text) refers to __main.o(!!!main) for __main
    startup_stm32f103xb.o(.text) refers to startup_stm32f103xb.o(HEAP) for Heap_Mem
    startup_stm32f103xb.o(.text) refers to startup_stm32f103xb.o(STACK) for Stack_Mem
    lcd.o(i.LCDChrXY) refers to lcd.o(.constdata) for .constdata
    lcd.o(i.LCDChrXY) refers to lcd.o(.bss) for .bss
    lcd.o(i.LCDChrXYInverse) refers to lcd.o(.constdata) for .constdata
    lcd.o(i.LCDChrXYInverse) refers to lcd.o(.bss) for .bss
    lcd.o(i.LCDClear) refers to lcd.o(.bss) for .bss
    lcd.o(i.LCDContrast) refers to lcd.o(i.LCDSend) for LCDSend
    lcd.o(i.LCDInit) refers to stm32f1xx_hal_gpio.o(i.HAL_GPIO_Init) for HAL_GPIO_Init
    lcd.o(i.LCDInit) refers to stm32f1xx_hal_gpio.o(i.HAL_GPIO_WritePin) for HAL_GPIO_WritePin
    lcd.o(i.LCDInit) refers to stm32f1xx_hal_spi.o(i.HAL_SPI_Init) for HAL_SPI_Init
    lcd.o(i.LCDInit) refers to stm32f1xx_hal.o(i.HAL_Delay) for HAL_Delay
    lcd.o(i.LCDInit) refers to lcd.o(i.LCDSend) for LCDSend
    lcd.o(i.LCDInit) refers to lcd.o(i.LCDClear) for LCDClear
    lcd.o(i.LCDInit) refers to lcd.o(i.LCDUpdate) for LCDUpdate
    lcd.o(i.LCDInit) refers to main.o(.bss) for hspi1
    lcd.o(i.LCDPixel) refers to lcd.o(.bss) for .bss
    lcd.o(i.LCDSend) refers to stm32f1xx_hal_gpio.o(i.HAL_GPIO_WritePin) for HAL_GPIO_WritePin
    lcd.o(i.LCDSend) refers to stm32f1xx_hal_spi.o(i.HAL_SPI_Transmit) for HAL_SPI_Transmit
    lcd.o(i.LCDSend) refers to main.o(.bss) for hspi1
    lcd.o(i.LCDStr) refers to lcd.o(i.LCDChrXYInverse) for LCDChrXYInverse
    lcd.o(i.LCDStr) refers to lcd.o(i.LCDChrXY) for LCDChrXY
    lcd.o(i.LCDUpdate) refers to lcd.o(i.LCDSend) for LCDSend
    lcd.o(i.LCDUpdate) refers to lcd.o(.bss) for .bss
    main.o(i.COM_float_write) refers to usbd_cdc_if.o(i.CDC_Transmit_FS) for CDC_Transmit_FS
    main.o(i.DMA1_Channel1_IRQHandler) refers to stm32f1xx_hal_dma.o(i.HAL_DMA_IRQHandler) for HAL_DMA_IRQHandler
    main.o(i.DMA1_Channel1_IRQHandler) refers to stm32f1xx_hal_tim.o(i.HAL_TIM_Base_Stop) for HAL_TIM_Base_Stop
    main.o(i.DMA1_Channel1_IRQHandler) refers to stm32f1xx_hal_gpio.o(i.HAL_GPIO_TogglePin) for HAL_GPIO_TogglePin
    main.o(i.DMA1_Channel1_IRQHandler) refers to main.o(.bss) for .bss
    main.o(i.DMA1_Channel1_IRQHandler) refers to main.o(.data) for .data
    main.o(i.DMA_Start1) refers to main.o(.bss) for .bss
    main.o(i.FFT) refers to faddsub_clz.o(x$fpl$fadd) for __aeabi_fadd
    main.o(i.FFT) refers to faddsub_clz.o(x$fpl$fsub) for __aeabi_fsub
    main.o(i.FFT) refers to fmul.o(x$fpl$fmul) for __aeabi_fmul
    main.o(i.FFT) refers to fflt_clz.o(x$fpl$fflt) for __aeabi_i2f
    main.o(i.FFT) refers to fdiv.o(x$fpl$fdiv) for __aeabi_fdiv
    main.o(i.FFT) refers to main.o(.constdata) for .constdata
[...]
    DMA1_Channel5_IRQHandler                 0x080001fb   Thumb Code     0  startup_stm32f103xb.o(.text)
    DMA1_Channel6_IRQHandler                 0x080001fb   Thumb Code     0  startup_stm32f103xb.o(.text)
    DMA1_Channel7_IRQHandler                 0x080001fb   Thumb Code     0  startup_stm32f103xb.o(.text)
    EXTI0_IRQHandler                         0x080001fb   Thumb Code     0  startup_stm32f103xb.o(.text)
    EXTI15_10_IRQHandler                     0x080001fb   Thumb Code     0  startup_stm32f103xb.o(.text)
    EXTI1_IRQHandler                         0x080001fb   Thumb Code     0  startup_stm32f103xb.o(.text)
    EXTI2_IRQHandler                         0x080001fb   Thumb Code     0  startup_stm32f103xb.o(.text)
    EXTI3_IRQHandler                         0x080001fb   Thumb Code     0  startup_stm32f103xb.o(.text)
    EXTI4_IRQHandler                         0x080001fb   Thumb Code     0  startup_stm32f103xb.o(.text)
    EXTI9_5_IRQHandler                       0x080001fb   Thumb Code     0  startup_stm32f103xb.o(.text)
    FLASH_IRQHandler                         0x080001fb   Thumb Code     0  startup_stm32f103xb.o(.text)
    I2C1_ER_IRQHandler                       0x080001fb   Thumb Code     0  startup_stm32f103xb.o(.text)
    I2C1_EV_IRQHandler                       0x080001fb   Thumb Code     0  startup_stm32f103xb.o(.text)
    I2C2_ER_IRQHandler                       0x080001fb   Thumb Code     0  startup_stm32f103xb.o(.text)
    I2C2_EV_IRQHandler                       0x080001fb   Thumb Code     0  startup_stm32f103xb.o(.text)
    PVD_IRQHandler                           0x080001fb   Thumb Code     0  startup_stm32f103xb.o(.text)
    RCC_IRQHandler                           0x080001fb   Thumb Code     0  startup_stm32f103xb.o(.text)
    RTC_Alarm_IRQHandler                     0x080001fb   Thumb Code     0  startup_stm32f103xb.o(.text)
    RTC_IRQHandler                           0x080001fb   Thumb Code     0  startup_stm32f103xb.o(.text)
    SPI1_IRQHandler                          0x080001fb   Thumb Code     0  startup_stm32f103xb.o(.text)
    SPI2_IRQHandler                          0x080001fb   Thumb Code     0  startup_stm32f103xb.o(.text)
    TAMPER_IRQHandler                        0x080001fb   Thumb Code     0  startup_stm32f103xb.o(.text)
    TIM1_BRK_IRQHandler                      0x080001fb   Thumb Code     0  startup_stm32f103xb.o(.text)
    TIM1_CC_IRQHandler                       0x080001fb   Thumb Code     0  startup_stm32f103xb.o(.text)
    TIM1_TRG_COM_IRQHandler                  0x080001fb   Thumb Code     0  startup_stm32f103xb.o(.text)
    TIM2_IRQHandler                          0x080001fb   Thumb Code     0  startup_stm32f103xb.o(.text)
    TIM3_IRQHandler                          0x080001fb   Thumb Code     0  startup_stm32f103xb.o(.text)
    TIM4_IRQHandler                          0x080001fb   Thumb Code     0  startup_stm32f103xb.o(.text)
    USART1_IRQHandler                        0x080001fb   Thumb Code     0  startup_stm32f103xb.o(.text)
    USART2_IRQHandler                        0x080001fb   Thumb Code     0  startup_stm32f103xb.o(.text)
    USART3_IRQHandler                        0x080001fb   Thumb Code     0  startup_stm32f103xb.o(.text)
    USBWakeUp_IRQHandler                     0x080001fb   Thumb Code     0  startup_stm32f103xb.o(.text)
    USB_HP_CAN1_TX_IRQHandler                0x080001fb   Thumb Code     0  startup_stm32f103xb.o(.text)
    WWDG_IRQHandler                          0x080001fb   Thumb Code     0  startup_stm32f103xb.o(.text)
    __user_initial_stackheap                 0x080001fd   Thumb Code     0  startup_stm32f103xb.o(.text)
    __2sprintf                               0x08000221   Thumb Code    34  noretval__2sprintf.o(.text)
    __printf                                 0x08000249   Thumb Code   270  __printf_wp.o(.text)
    strncmp                                  0x08000357   Thumb Code   150  strncmp.o(.text)
    __aeabi_memcpy                           0x080003ed   Thumb Code     0  rt_memcpy_v6.o(.text)
    __rt_memcpy                              0x080003ed   Thumb Code   138  rt_memcpy_v6.o(.text)
    _memcpy_lastbytes                        0x08000453   Thumb Code     0  rt_memcpy_v6.o(.text)
    __aeabi_memcpy4                          0x08000477   Thumb Code     0  rt_memcpy_w.o(.text)
    __aeabi_memcpy8                          0x08000477   Thumb Code     0  rt_memcpy_w.o(.text)
    __rt_memcpy_w                            0x08000477   Thumb Code   100  rt_memcpy_w.o(.text)
    _memcpy_lastbytes_aligned                0x080004bf   Thumb Code     0  rt_memcpy_w.o(.text)
    __aeabi_memclr                           0x080004db   Thumb Code     0  rt_memclr.o(.text)
    __rt_memclr                              0x080004db   Thumb Code    68  rt_memclr.o(.text)
    _memset                                  0x080004df   Thumb Code     0  rt_memclr.o(.text)
    __aeabi_memclr4                          0x0800051f   Thumb Code     0  rt_memclr_w.o(.text)
    __aeabi_memclr8                          0x0800051f   Thumb Code     0  rt_memclr_w.o(.text)
    __rt_memclr_w                            0x0800051f   Thumb Code    78  rt_memclr_w.o(.text)
    _memset_w                                0x08000523   Thumb Code     0  rt_memclr_w.o(.text)
    __use_two_region_memory                  0x0800056d   Thumb Code     2  heapauxi.o(.text)
    __rt_heap_escrow$2region                 0x0800056f   Thumb Code     2  heapauxi.o(.text)
    __rt_heap_expand$2region                 0x08000571   Thumb Code     2  heapauxi.o(.text)
    __read_errno                             0x08000573   Thumb Code    10  _rserrno.o(.text)
    __set_errno                              0x0800057d   Thumb Code    12  _rserrno.o(.text)
    __lib_sel_fp_printf                      0x08000589   Thumb Code     2  _printf_fp_dec.o(.text)
    _printf_fp_dec_real                      0x0800073b   Thumb Code   620  _printf_fp_dec.o(.text)
    _printf_char_common                      0x080009b3   Thumb Code    32  _printf_char_common.o(.text)
    _sputc                                   0x080009d9   Thumb Code    10  _sputc.o(.text)
    __rt_locale                              0x080009e5   Thumb Code     8  rt_locale_intlibspace.o(.text)
    __aeabi_errno_addr                       0x080009ed   Thumb Code     8  rt_errno_addr_intlibspace.o(.text)
    __errno$intlibspace                      0x080009ed   Thumb Code     0  rt_errno_addr_intlibspace.o(.text)
    __rt_errno_addr$intlibspace              0x080009ed   Thumb Code     0  rt_errno_addr_intlibspace.o(.text)
    _ll_udiv10                               0x080009f5   Thumb Code   138  lludiv10.o(.text)
    _printf_fp_infnan                        0x08000a81   Thumb Code   112  _printf_fp_infnan.o(.text)
    _btod_etento                             0x08000b01   Thumb Code   224  bigflt0.o(.text)
    __user_libspace                          0x08000be5   Thumb Code     8  libspace.o(.text)
    __user_perproc_libspace                  0x08000be5   Thumb Code     0  libspace.o(.text)
    __user_perthread_libspace                0x08000be5   Thumb Code     0  libspace.o(.text)
    __user_setup_stackheap                   0x08000bed   Thumb Code    74  sys_stackheap_outer.o(.text)
    exit                                     0x08000c37   Thumb Code    18  exit.o(.text)
    strcmp                                   0x08000c49   Thumb Code   128  strcmpv7m.o(.text)
    _sys_exit                                0x08000cc9   Thumb Code     8  sys_exit.o(.text)
    __I$use$semihosting                      0x08000cd5   Thumb Code     0  use_no_semi.o(.text)
    __use_no_semihosting_swi                 0x08000cd5   Thumb Code     2  use_no_semi.o(.text)
    __semihosting_library_function           0x08000cd7   Thumb Code     0  indicate_semi.o(.text)
    _btod_d2e                                0x08000cd7   Thumb Code    62  btod.o(CL$$btod_d2e)
    _d2e_denorm_low                          0x08000d15   Thumb Code    70  btod.o(CL$$btod_d2e_denorm_low)
    _d2e_norm_op1                            0x08000d5b   Thumb Code    96  btod.o(CL$$btod_d2e_norm_op1)
    __btod_div_common                        0x08000dbb   Thumb Code   696  btod.o(CL$$btod_div_common)
    _e2e                                     0x080010f3   Thumb Code   220  btod.o(CL$$btod_e2e)
    _btod_ediv                               0x080011cf   Thumb Code    42  btod.o(CL$$btod_ediv)
    _btod_emul                               0x080011f9   Thumb Code    42  btod.o(CL$$btod_emul)
    __btod_mult_common                       0x08001223   Thumb Code   580  btod.o(CL$$btod_mult_common)
    ADC1_2_IRQHandler                        0x08001469   Thumb Code    18  stm32f1xx_it.o(i.ADC1_2_IRQHandler)
    ADC_ConversionStop_Disable               0x08001485   Thumb Code    86  stm32f1xx_hal_adc.o(i.ADC_ConversionStop_Disable)
    ADC_Enable                               0x080014dd   Thumb Code   114  stm32f1xx_hal_adc.o(i.ADC_Enable)
    BusFault_Handler                         0x08001559   Thumb Code     2  stm32f1xx_it.o(i.BusFault_Handler)
    CDC_Transmit_FS                          0x080015cd   Thumb Code    92  usbd_cdc_if.o(i.CDC_Transmit_FS)
    COM_float_write                          0x0800162d   Thumb Code    24  main.o(i.COM_float_write)
    DMA1_Channel1_IRQHandler                 0x08001645   Thumb Code    34  main.o(i.DMA1_Channel1_IRQHandler)
    DMA_Start1                               0x08001675   Thumb Code    38  main.o(i.DMA_Start1)
    DebugMon_Handler                         0x080016a9   Thumb Code     2  stm32f1xx_it.o(i.DebugMon_Handler)
    Error_Handler                            0x080016ab   Thumb Code     4  main.o(i.Error_Handler)
    FFT                                      0x080016b1   Thumb Code   474  main.o(i.FFT)
    GetJoystickPosition                      0x08001891   Thumb Code    22  main.o(i.GetJoystickPosition)
    HAL_ADCEx_Calibration_Start              0x080018ad   Thumb Code   210  stm32f1xx_hal_adc_ex.o(i.HAL_ADCEx_Calibration_Start)
    HAL_ADCEx_InjectedConvCpltCallback       0x08001985   Thumb Code     2  stm32f1xx_hal_adc_ex.o(i.HAL_ADCEx_InjectedConvCpltCallback)
    HAL_ADCEx_MultiModeConfigChannel         0x08001989   Thumb Code   102  stm32f1xx_hal_adc_ex.o(i.HAL_ADCEx_MultiModeConfigChannel)
    HAL_ADC_ConfigChannel                    0x080019f9   Thumb Code   240  stm32f1xx_hal_adc.o(i.HAL_ADC_ConfigChannel)
    HAL_ADC_ConvCpltCallback                 0x08001af5   Thumb Code     2  main.o(i.HAL_ADC_ConvCpltCallback)
    HAL_ADC_IRQHandler                       0x08001af7   Thumb Code   230  stm32f1xx_hal_adc.o(i.HAL_ADC_IRQHandler)
    HAL_ADC_Init                             0x08001bdd   Thumb Code   272  stm32f1xx_hal_adc.o(i.HAL_ADC_Init)
    HAL_ADC_LevelOutOfWindowCallback         0x08001cf9   Thumb Code     2  stm32f1xx_hal_adc.o(i.HAL_ADC_LevelOutOfWindowCallback)
    HAL_ADC_MspInit                          0x08001cfd   Thumb Code   220  stm32f1xx_hal_msp.o(i.HAL_ADC_MspInit)
    HAL_ADC_Start                            0x08001df5   Thumb Code   184  stm32f1xx_hal_adc.o(i.HAL_ADC_Start)
    HAL_ADC_Start_IT                         0x08001eb5   Thumb Code   194  stm32f1xx_hal_adc.o(i.HAL_ADC_Start_IT)
    HAL_DMA_IRQHandler                       0x08001f81   Thumb Code   316  stm32f1xx_hal_dma.o(i.HAL_DMA_IRQHandler)
    HAL_DMA_Init                             0x080020d5   Thumb Code    84  stm32f1xx_hal_dma.o(i.HAL_DMA_Init)
    HAL_Delay                                0x08002131   Thumb Code    32  stm32f1xx_hal.o(i.HAL_Delay)
    HAL_GPIO_Init                            0x08002155   Thumb Code   446  stm32f1xx_hal_gpio.o(i.HAL_GPIO_Init)
    HAL_GPIO_ReadPin                         0x08002335   Thumb Code    10  stm32f1xx_hal_gpio.o(i.HAL_GPIO_ReadPin)
    HAL_GPIO_TogglePin                       0x0800233f   Thumb Code    16  stm32f1xx_hal_gpio.o(i.HAL_GPIO_TogglePin)
    HAL_GPIO_WritePin                        0x0800234f   Thumb Code    10  stm32f1xx_hal_gpio.o(i.HAL_GPIO_WritePin)
    HAL_GetTick                              0x08002359   Thumb Code     6  stm32f1xx_hal.o(i.HAL_GetTick)
    HAL_IncTick                              0x08002365   Thumb Code    12  stm32f1xx_hal.o(i.HAL_IncTick)
    HAL_Init                                 0x08002375   Thumb Code    32  stm32f1xx_hal.o(i.HAL_Init)
    HAL_InitTick                             0x08002399   Thumb Code    54  stm32f1xx_hal.o(i.HAL_InitTick)
    HAL_MspInit                              0x080023d9   Thumb Code    52  stm32f1xx_hal_msp.o(i.HAL_MspInit)
    HAL_NVIC_EnableIRQ                       0x08002415   Thumb Code    26  stm32f1xx_hal_cortex.o(i.HAL_NVIC_EnableIRQ)
    HAL_NVIC_SetPriority                     0x08002431   Thumb Code    60  stm32f1xx_hal_cortex.o(i.HAL_NVIC_SetPriority)
    HAL_NVIC_SetPriorityGrouping             0x08002471   Thumb Code    26  stm32f1xx_hal_cortex.o(i.HAL_NVIC_SetPriorityGrouping)
    HAL_PCDEx_PMAConfig                      0x08002495   Thumb Code    60  stm32f1xx_hal_pcd_ex.o(i.HAL_PCDEx_PMAConfig)
    HAL_PCDEx_SetConnectionState             0x080024d1   Thumb Code     2  usbd_conf.o(i.HAL_PCDEx_SetConnectionState)
    HAL_PCD_DataInStageCallback              0x080024d3   Thumb Code    18  usbd_conf.o(i.HAL_PCD_DataInStageCallback)
    HAL_PCD_DataOutStageCallback             0x080024e5   Thumb Code    20  usbd_conf.o(i.HAL_PCD_DataOutStageCallback)
    HAL_PCD_EP_Close                         0x080024f9   Thumb Code    76  stm32f1xx_hal_pcd.o(i.HAL_PCD_EP_Close)
    HAL_PCD_EP_ClrStall                      0x08002545   Thumb Code    92  stm32f1xx_hal_pcd.o(i.HAL_PCD_EP_ClrStall)
    HAL_PCD_EP_GetRxCount                    0x080029b7   Thumb Code    18  stm32f1xx_hal_pcd.o(i.HAL_PCD_EP_GetRxCount)
    HAL_PCD_EP_Open                          0x080029c9   Thumb Code    96  stm32f1xx_hal_pcd.o(i.HAL_PCD_EP_Open)
    HAL_PCD_EP_Receive                       0x08002a29   Thumb Code    50  stm32f1xx_hal_pcd.o(i.HAL_PCD_EP_Receive)
    HAL_PCD_EP_SetStall                      0x08002a5b   Thumb Code   114  stm32f1xx_hal_pcd.o(i.HAL_PCD_EP_SetStall)
    HAL_PCD_EP_Transmit                      0x08002acd   Thumb Code    52  stm32f1xx_hal_pcd.o(i.HAL_PCD_EP_Transmit)
    HAL_PCD_IRQHandler                       0x08002b01   Thumb Code   340  stm32f1xx_hal_pcd.o(i.HAL_PCD_IRQHandler)
    HAL_PCD_Init                             0x08002c55   Thumb Code   218  stm32f1xx_hal_pcd.o(i.HAL_PCD_Init)
    HAL_PCD_MspInit                          0x08002d31   Thumb Code    50  usbd_conf.o(i.HAL_PCD_MspInit)
    HAL_PCD_ResetCallback                    0x08002d6d   Thumb Code    38  usbd_conf.o(i.HAL_PCD_ResetCallback)
    HAL_PCD_ResumeCallback                   0x08002d93   Thumb Code     8  usbd_conf.o(i.HAL_PCD_ResumeCallback)
    HAL_PCD_SOFCallback                      0x08002d9b   Thumb Code     8  usbd_conf.o(i.HAL_PCD_SOFCallback)
    HAL_PCD_SetAddress                       0x08002da3   Thumb Code    40  stm32f1xx_hal_pcd.o(i.HAL_PCD_SetAddress)
    HAL_PCD_SetupStageCallback               0x08002dcb   Thumb Code    14  usbd_conf.o(i.HAL_PCD_SetupStageCallback)
    HAL_PCD_Start                            0x08002dd9   Thumb Code    50  stm32f1xx_hal_pcd.o(i.HAL_PCD_Start)
    HAL_PCD_SuspendCallback                  0x08002e0d   Thumb Code    30  usbd_conf.o(i.HAL_PCD_SuspendCallback)
    HAL_RCCEx_GetPeriphCLKFreq               0x08002e31   Thumb Code   166  stm32f1xx_hal_rcc_ex.o(i.HAL_RCCEx_GetPeriphCLKFreq)
    HAL_RCCEx_PeriphCLKConfig                0x08002ef9   Thumb Code   224  stm32f1xx_hal_rcc_ex.o(i.HAL_RCCEx_PeriphCLKConfig)
    HAL_RCC_ClockConfig                      0x08002fe5   Thumb Code   280  stm32f1xx_hal_rcc.o(i.HAL_RCC_ClockConfig)
    HAL_RCC_GetPCLK2Freq                     0x08003111   Thumb Code    20  stm32f1xx_hal_rcc.o(i.HAL_RCC_GetPCLK2Freq)
    HAL_RCC_GetSysClockFreq                  0x08003131   Thumb Code    74  stm32f1xx_hal_rcc.o(i.HAL_RCC_GetSysClockFreq)
    HAL_RCC_OscConfig                        0x0800319d   Thumb Code   778  stm32f1xx_hal_rcc.o(i.HAL_RCC_OscConfig)
    HAL_SPI_Init                             0x080034bd   Thumb Code   178  stm32f1xx_hal_spi.o(i.HAL_SPI_Init)
    HAL_SPI_MspInit                          0x08003571   Thumb Code    98  stm32f1xx_hal_msp.o(i.HAL_SPI_MspInit)
    HAL_SPI_Transmit                         0x080035e1   Thumb Code   358  stm32f1xx_hal_spi.o(i.HAL_SPI_Transmit)
    HAL_SYSTICK_Config                       0x08003747   Thumb Code    40  stm32f1xx_hal_cortex.o(i.HAL_SYSTICK_Config)
    HAL_TIMEx_BreakCallback                  0x0800376f   Thumb Code     2  stm32f1xx_hal_tim_ex.o(i.HAL_TIMEx_BreakCallback)
    HAL_TIMEx_CommutCallback                 0x08003771   Thumb Code     2  stm32f1xx_hal_tim_ex.o(i.HAL_TIMEx_CommutCallback)
    HAL_TIMEx_MasterConfigSynchronization    0x08003775   Thumb Code    92  stm32f1xx_hal_tim_ex.o(i.HAL_TIMEx_MasterConfigSynchronization)
    HAL_TIM_Base_Init                        0x080037dd   Thumb Code    90  stm32f1xx_hal_tim.o(i.HAL_TIM_Base_Init)
    HAL_TIM_Base_MspInit                     0x08003839   Thumb Code    54  stm32f1xx_hal_msp.o(i.HAL_TIM_Base_MspInit)
    HAL_TIM_Base_Start                       0x0800387d   Thumb Code    66  stm32f1xx_hal_tim.o(i.HAL_TIM_Base_Start)
    HAL_TIM_Base_Start_IT                    0x080038cd   Thumb Code    76  stm32f1xx_hal_tim.o(i.HAL_TIM_Base_Start_IT)
    HAL_TIM_Base_Stop                        0x08003925   Thumb Code    38  stm32f1xx_hal_tim.o(i.HAL_TIM_Base_Stop)
    HAL_TIM_ConfigClockSource                0x0800394b   Thumb Code   214  stm32f1xx_hal_tim.o(i.HAL_TIM_ConfigClockSource)
    HAL_TIM_IC_CaptureCallback               0x08003a21   Thumb Code     2  stm32f1xx_hal_tim.o(i.HAL_TIM_IC_CaptureCallback)
    HAL_TIM_IRQHandler                       0x08003a23   Thumb Code   358  stm32f1xx_hal_tim.o(i.HAL_TIM_IRQHandler)
    HAL_TIM_OC_DelayElapsedCallback          0x08003b89   Thumb Code     2  stm32f1xx_hal_tim.o(i.HAL_TIM_OC_DelayElapsedCallback)
    HAL_TIM_PWM_PulseFinishedCallback        0x08003b8b   Thumb Code     2  stm32f1xx_hal_tim.o(i.HAL_TIM_PWM_PulseFinishedCallback)
    HAL_TIM_PeriodElapsedCallback            0x08003b8d   Thumb Code    22  main.o(i.HAL_TIM_PeriodElapsedCallback)
    HAL_TIM_TriggerCallback                  0x08003bad   Thumb Code     2  stm32f1xx_hal_tim.o(i.HAL_TIM_TriggerCallback)
    HardFault_Handler                        0x08003baf   Thumb Code     2  stm32f1xx_it.o(i.HardFault_Handler)
    InitJoystick                             0x08003bb1   Thumb Code    30  main.o(i.InitJoystick)
    LCDChrXY                                 0x08003c15   Thumb Code    62  lcd.o(i.LCDChrXY)
    LCDChrXYInverse                          0x08003c5d   Thumb Code    72  lcd.o(i.LCDChrXYInverse)
    LCDClear                                 0x08003cad   Thumb Code    20  lcd.o(i.LCDClear)
    LCDContrast                              0x08003cc5   Thumb Code    34  lcd.o(i.LCDContrast)
    LCDInit                                  0x08003ce9   Thumb Code   340  lcd.o(i.LCDInit)
    LCDSend                                  0x08003e55   Thumb Code    84  lcd.o(i.LCDSend)
    LCDStr                                   0x08003eb5   Thumb Code    42  lcd.o(i.LCDStr)
    LCDUpdate                                0x08003ee1   Thumb Code    42  lcd.o(i.LCDUpdate)
    MX_USB_DEVICE_Init                       0x08004149   Thumb Code    66  usb_device.o(i.MX_USB_DEVICE_Init)
    MemManage_Handler                        0x0800419d   Thumb Code     2  stm32f1xx_it.o(i.MemManage_Handler)
    NMI_Handler                              0x0800419f   Thumb Code     2  stm32f1xx_it.o(i.NMI_Handler)
    PendSV_Handler                           0x080044b5   Thumb Code     2  stm32f1xx_it.o(i.PendSV_Handler)
    SVC_Handler                              0x08004591   Thumb Code     2  stm32f1xx_it.o(i.SVC_Handler)
    SysTick_Handler                          0x08004593   Thumb Code     4  stm32f1xx_it.o(i.SysTick_Handler)
    SystemClock_Config                       0x08004597   Thumb Code   124  main.o(i.SystemClock_Config)
    SystemInit                               0x08004613   Thumb Code     2  system_stm32f1xx.o(i.SystemInit)
    TIM1_Init                                0x08004615   Thumb Code   104  main.o(i.TIM1_Init)
    TIM1_UP_IRQHandler                       0x08004689   Thumb Code     6  stm32f1xx_it.o(i.TIM1_UP_IRQHandler)
    TIM_Base_SetConfig                       0x08004695   Thumb Code    94  stm32f1xx_hal_tim.o(i.TIM_Base_SetConfig)
    TIM_ETR_SetConfig                        0x08004701   Thumb Code    20  stm32f1xx_hal_tim.o(i.TIM_ETR_SetConfig)
    USBD_CDC_GetDeviceQualifierDescriptor    0x08004849   Thumb Code     8  usbd_cdc.o(i.USBD_CDC_GetDeviceQualifierDescriptor)
    USBD_CDC_ReceivePacket                   0x0800490d   Thumb Code    40  usbd_cdc.o(i.USBD_CDC_ReceivePacket)
    USBD_CDC_RegisterInterface               0x08004935   Thumb Code    16  usbd_cdc.o(i.USBD_CDC_RegisterInterface)
    USBD_CDC_SetRxBuffer                     0x08004945   Thumb Code    12  usbd_cdc.o(i.USBD_CDC_SetRxBuffer)
    USBD_CDC_SetTxBuffer                     0x08004951   Thumb Code    16  usbd_cdc.o(i.USBD_CDC_SetTxBuffer)
    USBD_CDC_TransmitPacket                  0x08004a0d   Thumb Code    54  usbd_cdc.o(i.USBD_CDC_TransmitPacket)
    USBD_ClrClassConfig                      0x08004a43   Thumb Code    14  usbd_core.o(i.USBD_ClrClassConfig)
    USBD_CtlContinueRx                       0x08004a51   Thumb Code    16  usbd_ioreq.o(i.USBD_CtlContinueRx)
    USBD_CtlContinueSendData                 0x08004a61   Thumb Code    16  usbd_ioreq.o(i.USBD_CtlContinueSendData)
    USBD_CtlError                            0x08004a71   Thumb Code    22  usbd_ctlreq.o(i.USBD_CtlError)
    USBD_CtlPrepareRx                        0x08004a87   Thumb Code    30  usbd_ioreq.o(i.USBD_CtlPrepareRx)
    USBD_CtlReceiveStatus                    0x08004aa5   Thumb Code    22  usbd_ioreq.o(i.USBD_CtlReceiveStatus)
    USBD_CtlSendData                         0x08004abb   Thumb Code    26  usbd_ioreq.o(i.USBD_CtlSendData)
    USBD_CtlSendStatus                       0x08004ad5   Thumb Code    22  usbd_ioreq.o(i.USBD_CtlSendStatus)
    USBD_FS_ConfigStrDescriptor              0x08004aed   Thumb Code    16  usbd_desc.o(i.USBD_FS_ConfigStrDescriptor)
    USBD_FS_DeviceDescriptor                 0x08004b0d   Thumb Code     8  usbd_desc.o(i.USBD_FS_DeviceDescriptor)
    USBD_FS_InterfaceStrDescriptor           0x08004b19   Thumb Code    16  usbd_desc.o(i.USBD_FS_InterfaceStrDescriptor)
    USBD_FS_LangIDStrDescriptor              0x08004b3d   Thumb Code     8  usbd_desc.o(i.USBD_FS_LangIDStrDescriptor)
    USBD_FS_ManufacturerStrDescriptor        0x08004b49   Thumb Code    16  usbd_desc.o(i.USBD_FS_ManufacturerStrDescriptor)
    USBD_FS_ProductStrDescriptor             0x08004b71   Thumb Code    16  usbd_desc.o(i.USBD_FS_ProductStrDescriptor)
    USBD_FS_SerialStrDescriptor              0x08004b9d   Thumb Code    48  usbd_desc.o(i.USBD_FS_SerialStrDescriptor)
    USBD_GetString                           0x08004cbd   Thumb Code    72  usbd_ctlreq.o(i.USBD_GetString)
    USBD_Init                                0x08004d1d   Thumb Code    42  usbd_core.o(i.USBD_Init)
    USBD_LL_ClearStallEP                     0x08004d47   Thumb Code    18  usbd_conf.o(i.USBD_LL_ClearStallEP)
    USBD_LL_CloseEP                          0x08004d59   Thumb Code    18  usbd_conf.o(i.USBD_LL_CloseEP)
    USBD_LL_DataInStage                      0x08004d6b   Thumb Code   198  usbd_core.o(i.USBD_LL_DataInStage)
    USBD_LL_DataOutStage                     0x08004e31   Thumb Code   130  usbd_core.o(i.USBD_LL_DataOutStage)
    USBD_LL_GetRxDataSize                    0x08004eb3   Thumb Code     8  usbd_conf.o(i.USBD_LL_GetRxDataSize)
    USBD_LL_Init                             0x08004ebd   Thumb Code   118  usbd_conf.o(i.USBD_LL_Init)
    USBD_LL_IsStallEP                        0x08004f3d   Thumb Code    32  usbd_conf.o(i.USBD_LL_IsStallEP)
    USBD_LL_OpenEP                           0x08004f5d   Thumb Code    24  usbd_conf.o(i.USBD_LL_OpenEP)
    USBD_LL_PrepareReceive                   0x08004f75   Thumb Code    18  usbd_conf.o(i.USBD_LL_PrepareReceive)
    USBD_LL_Reset                            0x08004f87   Thumb Code    80  usbd_core.o(i.USBD_LL_Reset)
    USBD_LL_Resume                           0x08004fd7   Thumb Code    20  usbd_core.o(i.USBD_LL_Resume)
    USBD_LL_SOF                              0x08004feb   Thumb Code    24  usbd_core.o(i.USBD_LL_SOF)
    USBD_LL_SetSpeed                         0x08005003   Thumb Code     6  usbd_core.o(i.USBD_LL_SetSpeed)
    USBD_LL_SetUSBAddress                    0x08005009   Thumb Code    18  usbd_conf.o(i.USBD_LL_SetUSBAddress)
    USBD_LL_SetupStage                       0x0800501b   Thumb Code    90  usbd_core.o(i.USBD_LL_SetupStage)
    USBD_LL_StallEP                          0x08005075   Thumb Code    18  usbd_conf.o(i.USBD_LL_StallEP)
    USBD_LL_Start                            0x08005087   Thumb Code    18  usbd_conf.o(i.USBD_LL_Start)
    USBD_LL_Suspend                          0x08005099   Thumb Code    18  usbd_core.o(i.USBD_LL_Suspend)
    USBD_LL_Transmit                         0x080050ab   Thumb Code    18  usbd_conf.o(i.USBD_LL_Transmit)
    USBD_ParseSetupRequest                   0x080050bd   Thumb Code    40  usbd_ctlreq.o(i.USBD_ParseSetupRequest)
    USBD_RegisterClass                       0x080050e5   Thumb Code    16  usbd_core.o(i.USBD_RegisterClass)
    USBD_SetClassConfig                      0x080050f5   Thumb Code    22  usbd_core.o(i.USBD_SetClassConfig)
    USBD_Start                               0x08005191   Thumb Code    10  usbd_core.o(i.USBD_Start)
    USBD_StdDevReq                           0x0800519b   Thumb Code   274  usbd_ctlreq.o(i.USBD_StdDevReq)
    USBD_StdEPReq                            0x080052ad   Thumb Code   336  usbd_ctlreq.o(i.USBD_StdEPReq)
    USBD_StdItfReq                           0x080053fd   Thumb Code    78  usbd_ctlreq.o(i.USBD_StdItfReq)
    USBD_static_free                         0x0800544b   Thumb Code     2  usbd_conf.o(i.USBD_static_free)
    USBD_static_malloc                       0x0800544d   Thumb Code     4  usbd_conf.o(i.USBD_static_malloc)
    USB_ActivateEndpoint                     0x08005455   Thumb Code   600  stm32f1xx_ll_usb.o(i.USB_ActivateEndpoint)
    USB_CoreInit                             0x080056ad   Thumb Code     4  stm32f1xx_ll_usb.o(i.USB_CoreInit)
    USB_DeactivateEndpoint                   0x080056b1   Thumb Code   270  stm32f1xx_ll_usb.o(i.USB_DeactivateEndpoint)
    USB_DevConnect                           0x080057bf   Thumb Code     4  stm32f1xx_ll_usb.o(i.USB_DevConnect)
    USB_DevDisconnect                        0x080057c3   Thumb Code     4  stm32f1xx_ll_usb.o(i.USB_DevDisconnect)
    USB_DevInit                              0x080057c7   Thumb Code    18  stm32f1xx_ll_usb.o(i.USB_DevInit)
    USB_DisableGlobalInt                     0x080057d9   Thumb Code    14  stm32f1xx_ll_usb.o(i.USB_DisableGlobalInt)
    USB_EP0_OutStart                         0x080057e7   Thumb Code     4  stm32f1xx_ll_usb.o(i.USB_EP0_OutStart)
    USB_EPClearStall                         0x080057eb   Thumb Code   120  stm32f1xx_ll_usb.o(i.USB_EPClearStall)
    USB_EPSetStall                           0x08005863   Thumb Code    50  stm32f1xx_ll_usb.o(i.USB_EPSetStall)
    USB_EPStartXfer                          0x08005895   Thumb Code  1548  stm32f1xx_ll_usb.o(i.USB_EPStartXfer)
    USB_EnableGlobalInt                      0x08005ea1   Thumb Code    18  stm32f1xx_ll_usb.o(i.USB_EnableGlobalInt)
    USB_LP_CAN1_RX0_IRQHandler               0x08005eb5   Thumb Code     6  stm32f1xx_it.o(i.USB_LP_CAN1_RX0_IRQHandler)
    USB_ReadInterrupts                       0x08005ec1   Thumb Code     6  stm32f1xx_ll_usb.o(i.USB_ReadInterrupts)
    USB_ReadPMA                              0x08005ec9   Thumb Code    44  stm32f1xx_ll_usb.o(i.USB_ReadPMA)
    USB_SetCurrentMode                       0x08005ef5   Thumb Code     4  stm32f1xx_ll_usb.o(i.USB_SetCurrentMode)
    USB_SetDevAddress                        0x08005ef9   Thumb Code    12  stm32f1xx_ll_usb.o(i.USB_SetDevAddress)
    USB_WritePMA                             0x08005f05   Thumb Code    38  stm32f1xx_ll_usb.o(i.USB_WritePMA)
    UsageFault_Handler                       0x08005f2b   Thumb Code     2  stm32f1xx_it.o(i.UsageFault_Handler)
    __ARM_fpclassify                         0x08005f2d   Thumb Code    40  fpclassify.o(i.__ARM_fpclassify)
    __kernel_poly                            0x08005f75   Thumb Code   170  poly.o(i.__kernel_poly)
    __mathlib_dbl_infnan                     0x0800601f   Thumb Code     6  dunder.o(i.__mathlib_dbl_infnan)
    __mathlib_dbl_infnan2                    0x08006025   Thumb Code     4  dunder.o(i.__mathlib_dbl_infnan2)
    __mathlib_dbl_underflow                  0x08006029   Thumb Code    10  dunder.o(i.__mathlib_dbl_underflow)
    _is_digit                                0x08006039   Thumb Code    14  __printf_wp.o(i._is_digit)
    atan                                     0x08006049   Thumb Code   474  atan.o(i.atan)
    atan2                                    0x08006269   Thumb Code   374  atan2.o(i.atan2)
    main                                     0x08006405   Thumb Code  2590  main.o(i.main)
    sqrt                                     0x08006e39   Thumb Code    76  sqrt.o(i.sqrt)
    _get_lc_numeric                          0x08006e85   Thumb Code    44  lc_numeric_c.o(locale$$code)
    __aeabi_d2f                              0x08006eb1   Thumb Code     0  d2f.o(x$fpl$d2f)
    _d2f                                     0x08006eb1   Thumb Code    98  d2f.o(x$fpl$d2f)
    __aeabi_dadd                             0x08006f15   Thumb Code     0  daddsub_clz.o(x$fpl$dadd)
    _dadd                                    0x08006f15   Thumb Code   332  daddsub_clz.o(x$fpl$dadd)
    __fpl_dcheck_NaN1                        0x08007065   Thumb Code    10  dcheck1.o(x$fpl$dcheck1)
    __fpl_dcmp_Inf                           0x08007075   Thumb Code    24  dcmpi.o(x$fpl$dcmpinf)
    __aeabi_ddiv                             0x0800708d   Thumb Code     0  ddiv.o(x$fpl$ddiv)
    _ddiv                                    0x0800708d   Thumb Code   552  ddiv.o(x$fpl$ddiv)
    __aeabi_cdcmpeq                          0x0800733d   Thumb Code     0  deqf.o(x$fpl$deqf)
    _dcmpeq                                  0x0800733d   Thumb Code   120  deqf.o(x$fpl$deqf)
    __aeabi_ui2d                             0x080073b5   Thumb Code     0  dflt_clz.o(x$fpl$dfltu)
    _dfltu                                   0x080073b5   Thumb Code    38  dflt_clz.o(x$fpl$dfltu)
    __aeabi_dmul                             0x080073dd   Thumb Code     0  dmul.o(x$fpl$dmul)
    _dmul                                    0x080073dd   Thumb Code   332  dmul.o(x$fpl$dmul)
    __fpl_dnaninf                            0x08007531   Thumb Code   156  dnaninf.o(x$fpl$dnaninf)
    __fpl_dretinf                            0x080075cd   Thumb Code    12  dretinf.o(x$fpl$dretinf)
    __aeabi_drsub                            0x080075d9   Thumb Code     0  daddsub_clz.o(x$fpl$drsb)
    _drsb                                    0x080075d9   Thumb Code    22  daddsub_clz.o(x$fpl$drsb)
    _dsqrt                                   0x080075f1   Thumb Code   456  dsqrt_noumaal.o(x$fpl$dsqrt)
    __aeabi_dsub                             0x080077bd   Thumb Code     0  daddsub_clz.o(x$fpl$dsub)
    _dsub                                    0x080077bd   Thumb Code   464  daddsub_clz.o(x$fpl$dsub)
    __aeabi_f2d                              0x08007991   Thumb Code     0  f2d.o(x$fpl$f2d)
    _f2d                                     0x08007991   Thumb Code    86  f2d.o(x$fpl$f2d)
    __aeabi_fadd                             0x080079e9   Thumb Code     0  faddsub_clz.o(x$fpl$fadd)
    _fadd                                    0x080079e9   Thumb Code   196  faddsub_clz.o(x$fpl$fadd)
    __fpl_fcheck_NaN1                        0x08007aad   Thumb Code     6  fcheck1.o(x$fpl$fcheck1)
    __fpl_fcmp_Inf                           0x08007ab9   Thumb Code    24  fcmpi.o(x$fpl$fcmpinf)
    __aeabi_fdiv                             0x08007ad1   Thumb Code     0  fdiv.o(x$fpl$fdiv)
    _fdiv                                    0x08007ad1   Thumb Code   384  fdiv.o(x$fpl$fdiv)
    __aeabi_i2f                              0x08007c55   Thumb Code     0  fflt_clz.o(x$fpl$fflt)
    _fflt                                    0x08007c55   Thumb Code    48  fflt_clz.o(x$fpl$fflt)
    __aeabi_cfcmple                          0x08007c85   Thumb Code     0  fleqf.o(x$fpl$fleqf)
    _fcmple                                  0x08007c85   Thumb Code   104  fleqf.o(x$fpl$fleqf)
    __fpl_fcmple_InfNaN                      0x08007cd7   Thumb Code     0  fleqf.o(x$fpl$fleqf)
    __aeabi_fmul                             0x08007ced   Thumb Code     0  fmul.o(x$fpl$fmul)
    _fmul                                    0x08007ced   Thumb Code   258  fmul.o(x$fpl$fmul)
    __fpl_fnaninf                            0x08007def   Thumb Code   140  fnaninf.o(x$fpl$fnaninf)
    __fpl_fretinf                            0x08007e7b   Thumb Code    10  fretinf.o(x$fpl$fretinf)
    __aeabi_cfrcmple                         0x08007e85   Thumb Code     0  frleqf.o(x$fpl$frleqf)
    _frcmple                                 0x08007e85   Thumb Code    98  frleqf.o(x$fpl$frleqf)
    __aeabi_fsub                             0x08007ee9   Thumb Code     0  faddsub_clz.o(x$fpl$fsub)
    _fsub                                    0x08007ee9   Thumb Code   234  faddsub_clz.o(x$fpl$fsub)
    _printf_fp_dec                           0x08007fd3   Thumb Code     4  printf1.o(x$fpl$printf1)
    __fpl_return_NaN                         0x08007fd7   Thumb Code   100  retnan.o(x$fpl$retnan)
    __ARM_scalbn                             0x0800803b   Thumb Code    92  scalbn.o(x$fpl$scalbn)
    __ARM_scalbnf                            0x08008097   Thumb Code    76  scalbnf.o(x$fpl$scalbnf)
    __fpl_cmpreturn                          0x080080e3   Thumb Code    48  trapv.o(x$fpl$trapveneer)
    __I$use$fp                               0x08008112   Number         0  usenofp.o(x$fpl$usenofp)
    AHBPrescTable                            0x08008358   Data          16  system_stm32f1xx.o(.constdata)
    APBPrescTable                            0x08008368   Data           8  system_stm32f1xx.o(.constdata)
    __mathlib_zero                           0x08008408   Data           8  qnan.o(.constdata)
    Region$$Table$$Base                      0x080084a4   Number         0  anon$$obj.o(Region$$Table)
    Region$$Table$$Limit                     0x080084c4   Number         0  anon$$obj.o(Region$$Table)
    flag                                     0x20000000   Data           1  main.o(.data)
    counter                                  0x20000001   Data           1  main.o(.data)
    flag_TIM1                                0x20000002   Data           1  main.o(.data)
    JoyPos                                   0x20000003   Data           1  main.o(.data)
    MenuPos                                  0x20000004   Data           1  main.o(.data)
    menu_flag                                0x20000005   Data           1  main.o(.data)
    offset                                   0x20000006   Data           1  main.o(.data)
    flag_TIM1_2                              0x20000008   Data           2  main.o(.data)
    i                                        0x2000000a   Data           2  main.o(.data)
    k                                        0x2000000c   Data           2  main.o(.data)
    j                                        0x2000000e   Data           2  main.o(.data)
    t                                        0x20000010   Data           2  main.o(.data)
    max1_9                                   0x20000014   Data           4  main.o(.data)
    after_max1_9                             0x20000018   Data           4  main.o(.data)
    max1_10                                  0x2000001c   Data           4  main.o(.data)
    after_max1_10                            0x20000020   Data           4  main.o(.data)
    max2_9_10                                0x20000024   Data           4  main.o(.data)
    after_max2_9_10                          0x20000028   Data           4  main.o(.data)
    Ampl1_9                                  0x2000002c   Data           4  main.o(.data)
    Ampl1_10                                 0x20000030   Data           4  main.o(.data)
    Ampl2_9_10                               0x20000034   Data           4  main.o(.data)
    phi1_9                                   0x20000038   Data           4  main.o(.data)
    phi1_10                                  0x2000003c   Data           4  main.o(.data)
    phi1_9_test                              0x20000040   Data           4  main.o(.data)
    phi1_10_test                             0x20000044   Data           4  main.o(.data)
    phi2_9_10                                0x20000048   Data           4  main.o(.data)
    phi_end                                  0x2000004c   Data           4  main.o(.data)
    phi_end_elevation                        0x20000050   Data           4  main.o(.data)
    sum1_9                                   0x20000054   Data           4  main.o(.data)
    sum2_9                                   0x20000058   Data           4  main.o(.data)
    sum1_10                                  0x2000005c   Data           4  main.o(.data)
    sum2_10                                  0x20000060   Data           4  main.o(.data)
    average1_9                               0x20000064   Data           4  main.o(.data)
    average2_9                               0x20000068   Data           4  main.o(.data)
    average1_10                              0x2000006c   Data           4  main.o(.data)
    str2                                     0x20000070   Data           4  main.o(.data)
    buffer                                   0x20000074   Data           4  main.o(.data)
    Inversion                                0x20000078   Data           8  main.o(.data)
    Menu                                     0x20000080   Data         135  main.o(.data)
    FS_Desc                                  0x20000108   Data          28  usbd_desc.o(.data)
    USBD_LangIDDesc                          0x20000124   Data           4  usbd_desc.o(.data)
    USBD_FS_DeviceDesc                       0x20000128   Data          18  usbd_desc.o(.data)
    USBD_StringSerial                        0x2000013c   Data          26  usbd_desc.o(.data)
    flag_usb                                 0x20000156   Data           1  usbd_cdc_if.o(.data)
    USBD_Interface_fops_FS                   0x20000158   Data          16  usbd_cdc_if.o(.data)
    uwTickFreq                               0x20000168   Data           1  stm32f1xx_hal.o(.data)
    uwTickPrio                               0x2000016c   Data           4  stm32f1xx_hal.o(.data)
    uwTick                                   0x20000170   Data           4  stm32f1xx_hal.o(.data)
    SystemCoreClock                          0x20000174   Data           4  system_stm32f1xx.o(.data)
    USBD_CDC_CfgHSDesc                       0x20000188   Data          67  usbd_cdc.o(.data)
    USBD_CDC_CfgFSDesc                       0x200001cc   Data          67  usbd_cdc.o(.data)
    USBD_CDC_OtherSpeedCfgDesc               0x20000210   Data          67  usbd_cdc.o(.data)
    USBD_CDC                                 0x20000254   Data          56  usbd_cdc.o(.data)
    LcdMemory                                0x2000028c   Data         504  lcd.o(.bss)
    phi                                      0x20000484   Data        1024  main.o(.bss)
    Ampl                                     0x20000884   Data        1024  main.o(.bss)
    Re                                       0x20000c84   Data        1024  main.o(.bss)
    Im                                       0x20001084   Data        1024  main.o(.bss)
    trans_str2                               0x20001484   Data          20  main.o(.bss)
    ADC1_9                                   0x20001498   Data        1024  main.o(.bss)
    ADC2_9                                   0x20001898   Data        1024  main.o(.bss)
    ADC1_10                                  0x20001c98   Data        1024  main.o(.bss)
    GPIO_InitStruct                          0x20002098   Data          16  main.o(.bss)
    hadc1                                    0x200020a8   Data          48  main.o(.bss)
    hadc2                                    0x200020d8   Data          48  main.o(.bss)
    hdma_adc1                                0x20002108   Data          68  main.o(.bss)
    hspi1                                    0x2000214c   Data          88  main.o(.bss)
    htim1                                    0x200021a4   Data          72  main.o(.bss)
    htim3                                    0x200021ec   Data          72  main.o(.bss)
    ADC_MEASURE                              0x20002234   Data        2048  main.o(.bss)
    hUsbDeviceFS                             0x20002a34   Data         708  usb_device.o(.bss)
    USBD_StrDesc                             0x20002cf8   Data         512  usbd_desc.o(.bss)
    UserRxBufferFS                           0x20002ef8   Data          64  usbd_cdc_if.o(.bss)
    UserTxBufferFS                           0x20002f38   Data          64  usbd_cdc_if.o(.bss)
    hpcd_USB_FS                              0x20003198   Data         748  usbd_conf.o(.bss)
    __libspace_start                         0x20003484   Data          96  libspace.o(.bss)
    __temporary_stack_top$libspace           0x200034e4   Data           0  libspace.o(.bss)



==============================================================================

Memory Map of the image

  Image Entry point : 0x080000ed

  Load Region LR_IROM1 (Base: 0x08000000, Size: 0x0000876c, Max: 0x00020000, ABSOLUTE, COMPRESSED[0x000085f4])

    Execution Region ER_IROM1 (Exec base: 0x08000000, Load base: 0x08000000, Size: 0x000084e0, Max: 0x00020000, ABSOLUTE)

    Exec Addr    Load Addr    Size         Type   Attr      Idx    E Section Name        Object

    0x08000000   0x08000000   0x000000ec   Data   RO            3    RESET               startup_stm32f103xb.o
    0x080000ec   0x080000ec   0x00000008   Code   RO         4973  * !!!main             c_w.l(__main.o)
    0x080000f4   0x080000f4   0x00000034   Code   RO         5313    !!!scatter          c_w.l(__scatter.o)
    0x08000128   0x08000128   0x0000005a   Code   RO         5311    !!dczerorl2         c_w.l(__dczerorl2.o)
    0x08000182   0x08000182   0x00000002   PAD
    0x08000184   0x08000184   0x0000001c   Code   RO         5315    !!handler_zi        c_w.l(__scatter_zi.o)
    0x080001a0   0x080001a0   0x00000000   Code   RO         4960    .ARM.Collect$$_printf_percent$$00000000  c_w.l(_printf_percent.o)
    0x080001a0   0x080001a0   0x00000006   Code   RO         4959    .ARM.Collect$$_printf_percent$$00000003  c_w.l(_printf_f.o)
    0x080001a6   0x080001a6   0x00000004   Code   RO         5044    .ARM.Collect$$_printf_percent$$00000017  c_w.l(_printf_percent_end.o)
    0x080001aa   0x080001aa   0x00000002   Code   RO         5180    .ARM.Collect$$libinit$$00000000  c_w.l(libinit.o)
    0x080001ac   0x080001ac   0x00000000   Code   RO         5182    .ARM.Collect$$libinit$$00000002  c_w.l(libinit2.o)
    0x080001ac   0x080001ac   0x00000000   Code   RO         5184    .ARM.Collect$$libinit$$00000004  c_w.l(libinit2.o)
    0x080001ac   0x080001ac   0x00000000   Code   RO         5187    .ARM.Collect$$libinit$$0000000A  c_w.l(libinit2.o)
    0x080001ac   0x080001ac   0x00000000   Code   RO         5189    .ARM.Collect$$libinit$$0000000C  c_w.l(libinit2.o)
    0x080001ac   0x080001ac   0x00000000   Code   RO         5191    .ARM.Collect$$libinit$$0000000E  c_w.l(libinit2.o)
    0x080001ac   0x080001ac   0x00000006   Code   RO         5192    .ARM.Collect$$libinit$$0000000F  c_w.l(libinit2.o)
    0x080001b2   0x080001b2   0x00000000   Code   RO         5194    .ARM.Collect$$libinit$$00000011  c_w.l(libinit2.o)
    0x080001b2   0x080001b2   0x00000000   Code   RO         5196    .ARM.Collect$$libinit$$00000013  c_w.l(libinit2.o)
    0x080001b2   0x080001b2   0x00000000   Code   RO         5198    .ARM.Collect$$libinit$$00000015  c_w.l(libinit2.o)
    0x080001b2   0x080001b2   0x0000000a   Code   RO         5199    .ARM.Collect$$libinit$$00000016  c_w.l(libinit2.o)
    0x080001bc   0x080001bc   0x00000000   Code   RO         5200    .ARM.Collect$$libinit$$00000017  c_w.l(libinit2.o)
    0x080001bc   0x080001bc   0x00000000   Code   RO         5202    .ARM.Collect$$libinit$$00000019  c_w.l(libinit2.o)
    0x080001bc   0x080001bc   0x00000000   Code   RO         5204    .ARM.Collect$$libinit$$0000001B  c_w.l(libinit2.o)
    0x080001bc   0x080001bc   0x00000000   Code   RO         5206    .ARM.Collect$$libinit$$0000001D  c_w.l(libinit2.o)
    0x080001bc   0x080001bc   0x00000000   Code   RO         5208    .ARM.Collect$$libinit$$0000001F  c_w.l(libinit2.o)
    0x080001bc   0x080001bc   0x00000000   Code   RO         5210    .ARM.Collect$$libinit$$00000021  c_w.l(libinit2.o)
    0x080001bc   0x080001bc   0x00000000   Code   RO         5212    .ARM.Collect$$libinit$$00000023  c_w.l(libinit2.o)
    0x080001bc   0x080001bc   0x00000000   Code   RO         5214    .ARM.Collect$$libinit$$00000025  c_w.l(libinit2.o)
    0x080001bc   0x080001bc   0x00000000   Code   RO         5218    .ARM.Collect$$libinit$$0000002C  c_w.l(libinit2.o)
    0x080001bc   0x080001bc   0x00000000   Code   RO         5220    .ARM.Collect$$libinit$$0000002E  c_w.l(libinit2.o)
    0x080001bc   0x080001bc   0x00000000   Code   RO         5222    .ARM.Collect$$libinit$$00000030  c_w.l(libinit2.o)
    0x080001bc   0x080001bc   0x00000000   Code   RO         5224    .ARM.Collect$$libinit$$00000032  c_w.l(libinit2.o)
    0x080001bc   0x080001bc   0x00000002   Code   RO         5225    .ARM.Collect$$libinit$$00000033  c_w.l(libinit2.o)
    0x080001be   0x080001be   0x00000002   Code   RO         5257    .ARM.Collect$$libshutdown$$00000000  c_w.l(libshutdown.o)
    0x080001c0   0x080001c0   0x00000000   Code   RO         5268    .ARM.Collect$$libshutdown$$00000002  c_w.l(libshutdown2.o)
    0x080001c0   0x080001c0   0x00000000   Code   RO         5270    .ARM.Collect$$libshutdown$$00000004  c_w.l(libshutdown2.o)
    0x080001c0   0x080001c0   0x00000000   Code   RO         5272    .ARM.Collect$$libshutdown$$00000006  c_w.l(libshutdown2.o)
    0x080001c0   0x080001c0   0x00000000   Code   RO         5275    .ARM.Collect$$libshutdown$$00000009  c_w.l(libshutdown2.o)
    0x080001c0   0x080001c0   0x00000000   Code   RO         5278    .ARM.Collect$$libshutdown$$0000000C  c_w.l(libshutdown2.o)
    0x080001c0   0x080001c0   0x00000000   Code   RO         5280    .ARM.Collect$$libshutdown$$0000000E  c_w.l(libshutdown2.o)
    0x080001c0   0x080001c0   0x00000000   Code   RO         5283    .ARM.Collect$$libshutdown$$00000011  c_w.l(libshutdown2.o)
    0x080001c0   0x080001c0   0x00000002   Code   RO         5284    .ARM.Collect$$libshutdown$$00000012  c_w.l(libshutdown2.o)
    0x080001c2   0x080001c2   0x00000000   Code   RO         5035    .ARM.Collect$$rtentry$$00000000  c_w.l(__rtentry.o)
    0x080001c2   0x080001c2   0x00000000   Code   RO         5096    .ARM.Collect$$rtentry$$00000002  c_w.l(__rtentry2.o)
    0x080001c2   0x080001c2   0x00000006   Code   RO         5108    .ARM.Collect$$rtentry$$00000004  c_w.l(__rtentry4.o)
    0x080001c8   0x080001c8   0x00000000   Code   RO         5098    .ARM.Collect$$rtentry$$00000009  c_w.l(__rtentry2.o)
    0x080001c8   0x080001c8   0x00000004   Code   RO         5099    .ARM.Collect$$rtentry$$0000000A  c_w.l(__rtentry2.o)
    0x080001cc   0x080001cc   0x00000000   Code   RO         5101    .ARM.Collect$$rtentry$$0000000C  c_w.l(__rtentry2.o)
    0x080001cc   0x080001cc   0x00000008   Code   RO         5102    .ARM.Collect$$rtentry$$0000000D  c_w.l(__rtentry2.o)
    0x080001d4   0x080001d4   0x00000002   Code   RO         5228    .ARM.Collect$$rtexit$$00000000  c_w.l(rtexit.o)
    0x080001d6   0x080001d6   0x00000000   Code   RO         5235    .ARM.Collect$$rtexit$$00000002  c_w.l(rtexit2.o)
    0x080001d6   0x080001d6   0x00000004   Code   RO         5236    .ARM.Collect$$rtexit$$00000003  c_w.l(rtexit2.o)
    0x080001da   0x080001da   0x00000006   Code   RO         5237    .ARM.Collect$$rtexit$$00000004  c_w.l(rtexit2.o)
    0x080001e0   0x080001e0   0x00000040   Code   RO            4    .text               startup_stm32f103xb.o
    0x08000220   0x08000220   0x00000028   Code   RO         4935    .text               c_w.l(noretval__2sprintf.o)
    0x08000248   0x08000248   0x0000010e   Code   RO         4947    .text               c_w.l(__printf_wp.o)
    0x08000356   0x08000356   0x00000096   Code   RO         4961    .text               c_w.l(strncmp.o)
    0x080003ec   0x080003ec   0x0000008a   Code   RO         4963    .text               c_w.l(rt_memcpy_v6.o)
    0x08000476   0x08000476   0x00000064   Code   RO         4965    .text               c_w.l(rt_memcpy_w.o)
    0x080004da   0x080004da   0x00000044   Code   RO         4967    .text               c_w.l(rt_memclr.o)
    0x0800051e   0x0800051e   0x0000004e   Code   RO         4969    .text               c_w.l(rt_memclr_w.o)
    0x0800056c   0x0800056c   0x00000006   Code   RO         4971    .text               c_w.l(heapauxi.o)
    0x08000572   0x08000572   0x00000016   Code   RO         5036    .text               c_w.l(_rserrno.o)
    0x08000588   0x08000588   0x0000041e   Code   RO         5038    .text               c_w.l(_printf_fp_dec.o)
    0x080009a6   0x080009a6   0x00000002   PAD
    0x080009a8   0x080009a8   0x00000030   Code   RO         5040    .text               c_w.l(_printf_char_common.o)
    0x080009d8   0x080009d8   0x0000000a   Code   RO         5042    .text               c_w.l(_sputc.o)
    0x080009e2   0x080009e2   0x00000002   PAD
    0x080009e4   0x080009e4   0x00000008   Code   RO         5113    .text               c_w.l(rt_locale_intlibspace.o)
    0x080009ec   0x080009ec   0x00000008   Code   RO         5118    .text               c_w.l(rt_errno_addr_intlibspace.o)
    0x080009f4   0x080009f4   0x0000008a   Code   RO         5120    .text               c_w.l(lludiv10.o)
    0x08000a7e   0x08000a7e   0x00000002   PAD
    0x08000a80   0x08000a80   0x00000080   Code   RO         5122    .text               c_w.l(_printf_fp_infnan.o)
    0x08000b00   0x08000b00   0x000000e4   Code   RO         5126    .text               c_w.l(bigflt0.o)
    0x08000be4   0x08000be4   0x00000008   Code   RO         5166    .text               c_w.l(libspace.o)
    0x08000bec   0x08000bec   0x0000004a   Code   RO         5169    .text               c_w.l(sys_stackheap_outer.o)
    0x08000c36   0x08000c36   0x00000012   Code   RO         5171    .text               c_w.l(exit.o)
    0x08000c48   0x08000c48   0x00000080   Code   RO         5173    .text               c_w.l(strcmpv7m.o)
    0x08000cc8   0x08000cc8   0x0000000c   Code   RO         5247    .text               c_w.l(sys_exit.o)
    0x08000cd4   0x08000cd4   0x00000002   Code   RO         5258    .text               c_w.l(use_no_semi.o)
    0x08000cd6   0x08000cd6   0x00000000   Code   RO         5260    .text               c_w.l(indicate_semi.o)
    0x08000cd6   0x08000cd6   0x0000003e   Code   RO         5129    CL$$btod_d2e        c_w.l(btod.o)
    0x08000d14   0x08000d14   0x00000046   Code   RO         5131    CL$$btod_d2e_denorm_low  c_w.l(btod.o)
    0x08000d5a   0x08000d5a   0x00000060   Code   RO         5130    CL$$btod_d2e_norm_op1  c_w.l(btod.o)
    0x08000dba   0x08000dba   0x00000338   Code   RO         5139    CL$$btod_div_common  c_w.l(btod.o)
    0x080010f2   0x080010f2   0x000000dc   Code   RO         5136    CL$$btod_e2e        c_w.l(btod.o)
    0x080011ce   0x080011ce   0x0000002a   Code   RO         5133    CL$$btod_ediv       c_w.l(btod.o)
    0x080011f8   0x080011f8   0x0000002a   Code   RO         5132    CL$$btod_emul       c_w.l(btod.o)
    0x08001222   0x08001222   0x00000244   Code   RO         5138    CL$$btod_mult_common  c_w.l(btod.o)
    0x08001466   0x08001466   0x00000002   PAD
    0x08001468   0x08001468   0x0000001c   Code   RO          483    i.ADC1_2_IRQHandler  stm32f1xx_it.o
    0x08001484   0x08001484   0x00000056   Code   RO         2537    i.ADC_ConversionStop_Disable  stm32f1xx_hal_adc.o
    0x080014da   0x080014da   0x00000002   PAD
    0x080014dc   0x080014dc   0x0000007c   Code   RO         2541    i.ADC_Enable        stm32f1xx_hal_adc.o
    0x08001558   0x08001558   0x00000002   Code   RO          484    i.BusFault_Handler  stm32f1xx_it.o
    0x0800155a   0x0800155a   0x00000004   Code   RO          808    i.CDC_Control_FS    usbd_cdc_if.o
    0x0800155e   0x0800155e   0x00000004   Code   RO          809    i.CDC_DeInit_FS     usbd_cdc_if.o
    0x08001562   0x08001562   0x00000002   PAD
    0x08001564   0x08001564   0x00000024   Code   RO          810    i.CDC_Init_FS       usbd_cdc_if.o
    0x08001588   0x08001588   0x00000044   Code   RO          811    i.CDC_Receive_FS    usbd_cdc_if.o
    0x080015cc   0x080015cc   0x00000060   Code   RO          812    i.CDC_Transmit_FS   usbd_cdc_if.o
    0x0800162c   0x0800162c   0x00000018   Code   RO          204    i.COM_float_write   main.o
    0x08001644   0x08001644   0x00000030   Code   RO          205    i.DMA1_Channel1_IRQHandler  main.o
    0x08001674   0x08001674   0x00000034   Code   RO          206    i.DMA_Start1        main.o
    0x080016a8   0x080016a8   0x00000002   Code   RO          485    i.DebugMon_Handler  stm32f1xx_it.o
    0x080016aa   0x080016aa   0x00000004   Code   RO          207    i.Error_Handler     main.o
    0x080016ae   0x080016ae   0x00000002   PAD
    0x080016b0   0x080016b0   0x000001e0   Code   RO          208    i.FFT               main.o
    0x08001890   0x08001890   0x0000001c   Code   RO          209    i.GetJoystickPosition  main.o
    0x080018ac   0x080018ac   0x000000d8   Code   RO         2717    i.HAL_ADCEx_Calibration_Start  stm32f1xx_hal_adc_ex.o
    0x08001984   0x08001984   0x00000002   Code   RO         2719    i.HAL_ADCEx_InjectedConvCpltCallback  stm32f1xx_hal_adc_ex.o
    0x08001986   0x08001986   0x00000002   PAD
    0x08001988   0x08001988   0x00000070   Code   RO         2726    i.HAL_ADCEx_MultiModeConfigChannel  stm32f1xx_hal_adc_ex.o
    0x080019f8   0x080019f8   0x000000fc   Code   RO         2543    i.HAL_ADC_ConfigChannel  stm32f1xx_hal_adc.o
    0x08001af4   0x08001af4   0x00000002   Code   RO          210    i.HAL_ADC_ConvCpltCallback  main.o
    0x08001af6   0x08001af6   0x000000e6   Code   RO         2551    i.HAL_ADC_IRQHandler  stm32f1xx_hal_adc.o
    0x08001bdc   0x08001bdc   0x0000011c   Code   RO         2552    i.HAL_ADC_Init      stm32f1xx_hal_adc.o
    0x08001cf8   0x08001cf8   0x00000002   Code   RO         2553    i.HAL_ADC_LevelOutOfWindowCallback  stm32f1xx_hal_adc.o
    0x08001cfa   0x08001cfa   0x00000002   PAD
    0x08001cfc   0x08001cfc   0x000000f8   Code   RO          581    i.HAL_ADC_MspInit   stm32f1xx_hal_msp.o
    0x08001df4   0x08001df4   0x000000c0   Code   RO         2558    i.HAL_ADC_Start     stm32f1xx_hal_adc.o
    0x08001eb4   0x08001eb4   0x000000cc   Code   RO         2560    i.HAL_ADC_Start_IT  stm32f1xx_hal_adc.o
    0x08001f80   0x08001f80   0x00000154   Code   RO         1946    i.HAL_DMA_IRQHandler  stm32f1xx_hal_dma.o
    0x080020d4   0x080020d4   0x0000005c   Code   RO         1947    i.HAL_DMA_Init      stm32f1xx_hal_dma.o
    0x08002130   0x08002130   0x00000024   Code   RO         1569    i.HAL_Delay         stm32f1xx_hal.o
    0x08002154   0x08002154   0x000001e0   Code   RO         1877    i.HAL_GPIO_Init     stm32f1xx_hal_gpio.o
    0x08002334   0x08002334   0x0000000a   Code   RO         1879    i.HAL_GPIO_ReadPin  stm32f1xx_hal_gpio.o
    0x0800233e   0x0800233e   0x00000010   Code   RO         1880    i.HAL_GPIO_TogglePin  stm32f1xx_hal_gpio.o
    0x0800234e   0x0800234e   0x0000000a   Code   RO         1881    i.HAL_GPIO_WritePin  stm32f1xx_hal_gpio.o
    0x08002358   0x08002358   0x0000000c   Code   RO         1573    i.HAL_GetTick       stm32f1xx_hal.o
    0x08002364   0x08002364   0x00000010   Code   RO         1579    i.HAL_IncTick       stm32f1xx_hal.o
    0x08002374   0x08002374   0x00000024   Code   RO         1580    i.HAL_Init          stm32f1xx_hal.o
    0x08002398   0x08002398   0x00000040   Code   RO         1581    i.HAL_InitTick      stm32f1xx_hal.o
    0x080023d8   0x080023d8   0x0000003c   Code   RO          584    i.HAL_MspInit       stm32f1xx_hal_msp.o
    0x08002414   0x08002414   0x0000001a   Code   RO         2037    i.HAL_NVIC_EnableIRQ  stm32f1xx_hal_cortex.o
    0x0800242e   0x0800242e   0x00000002   PAD
    0x08002430   0x08002430   0x00000040   Code   RO         2043    i.HAL_NVIC_SetPriority  stm32f1xx_hal_cortex.o
    0x08002470   0x08002470   0x00000024   Code   RO         2044    i.HAL_NVIC_SetPriorityGrouping  stm32f1xx_hal_cortex.o
    0x08002494   0x08002494   0x0000003c   Code   RO         1342    i.HAL_PCDEx_PMAConfig  stm32f1xx_hal_pcd_ex.o
    0x080024d0   0x080024d0   0x00000002   Code   RO          861    i.HAL_PCDEx_SetConnectionState  usbd_conf.o
    0x080024d2   0x080024d2   0x00000012   Code   RO          863    i.HAL_PCD_DataInStageCallback  usbd_conf.o
    0x080024e4   0x080024e4   0x00000014   Code   RO          864    i.HAL_PCD_DataOutStageCallback  usbd_conf.o
    0x080024f8   0x080024f8   0x0000004c   Code   RO         1118    i.HAL_PCD_EP_Close  stm32f1xx_hal_pcd.o
    0x08002544   0x08002544   0x0000005c   Code   RO         1119    i.HAL_PCD_EP_ClrStall  stm32f1xx_hal_pcd.o
    0x080025a0   0x080025a0   0x000000e6   Code   RO         1120    i.HAL_PCD_EP_DB_Receive  stm32f1xx_hal_pcd.o
    0x08002686   0x08002686   0x00000330   Code   RO         1121    i.HAL_PCD_EP_DB_Transmit  stm32f1xx_hal_pcd.o
    0x080029b6   0x080029b6   0x00000012   Code   RO         1123    i.HAL_PCD_EP_GetRxCount  stm32f1xx_hal_pcd.o
    0x080029c8   0x080029c8   0x00000060   Code   RO         1124    i.HAL_PCD_EP_Open   stm32f1xx_hal_pcd.o
    0x08002a28   0x08002a28   0x00000032   Code   RO         1125    i.HAL_PCD_EP_Receive  stm32f1xx_hal_pcd.o
    0x08002a5a   0x08002a5a   0x00000072   Code   RO         1126    i.HAL_PCD_EP_SetStall  stm32f1xx_hal_pcd.o
    0x08002acc   0x08002acc   0x00000034   Code   RO         1127    i.HAL_PCD_EP_Transmit  stm32f1xx_hal_pcd.o
    0x08002b00   0x08002b00   0x00000154   Code   RO         1129    i.HAL_PCD_IRQHandler  stm32f1xx_hal_pcd.o
    0x08002c54   0x08002c54   0x000000da   Code   RO         1132    i.HAL_PCD_Init      stm32f1xx_hal_pcd.o
    0x08002d2e   0x08002d2e   0x00000002   PAD
    0x08002d30   0x08002d30   0x0000003c   Code   RO          869    i.HAL_PCD_MspInit   usbd_conf.o
    0x08002d6c   0x08002d6c   0x00000026   Code   RO          870    i.HAL_PCD_ResetCallback  usbd_conf.o
    0x08002d92   0x08002d92   0x00000008   Code   RO          871    i.HAL_PCD_ResumeCallback  usbd_conf.o
    0x08002d9a   0x08002d9a   0x00000008   Code   RO          872    i.HAL_PCD_SOFCallback  usbd_conf.o
    0x08002da2   0x08002da2   0x00000028   Code   RO         1138    i.HAL_PCD_SetAddress  stm32f1xx_hal_pcd.o
    0x08002dca   0x08002dca   0x0000000e   Code   RO          873    i.HAL_PCD_SetupStageCallback  usbd_conf.o
    0x08002dd8   0x08002dd8   0x00000032   Code   RO         1140    i.HAL_PCD_Start     stm32f1xx_hal_pcd.o
    0x08002e0a   0x08002e0a   0x00000002   PAD
    0x08002e0c   0x08002e0c   0x00000024   Code   RO          874    i.HAL_PCD_SuspendCallback  usbd_conf.o
    0x08002e30   0x08002e30   0x000000c8   Code   RO         1839    i.HAL_RCCEx_GetPeriphCLKFreq  stm32f1xx_hal_rcc_ex.o
    0x08002ef8   0x08002ef8   0x000000ec   Code   RO         1840    i.HAL_RCCEx_PeriphCLKConfig  stm32f1xx_hal_rcc_ex.o
    0x08002fe4   0x08002fe4   0x0000012c   Code   RO         1737    i.HAL_RCC_ClockConfig  stm32f1xx_hal_rcc.o
    0x08003110   0x08003110   0x00000020   Code   RO         1745    i.HAL_RCC_GetPCLK2Freq  stm32f1xx_hal_rcc.o
    0x08003130   0x08003130   0x0000006c   Code   RO         1746    i.HAL_RCC_GetSysClockFreq  stm32f1xx_hal_rcc.o
    0x0800319c   0x0800319c   0x00000320   Code   RO         1749    i.HAL_RCC_OscConfig  stm32f1xx_hal_rcc.o
    0x080034bc   0x080034bc   0x000000b2   Code   RO         2884    i.HAL_SPI_Init      stm32f1xx_hal_spi.o
    0x0800356e   0x0800356e   0x00000002   PAD
    0x08003570   0x08003570   0x00000070   Code   RO          586    i.HAL_SPI_MspInit   stm32f1xx_hal_msp.o
    0x080035e0   0x080035e0   0x00000166   Code   RO         2892    i.HAL_SPI_Transmit  stm32f1xx_hal_spi.o
    0x08003746   0x08003746   0x00000028   Code   RO         2048    i.HAL_SYSTICK_Config  stm32f1xx_hal_cortex.o
    0x0800376e   0x0800376e   0x00000002   Code   RO         3901    i.HAL_TIMEx_BreakCallback  stm32f1xx_hal_tim_ex.o
    0x08003770   0x08003770   0x00000002   Code   RO         3902    i.HAL_TIMEx_CommutCallback  stm32f1xx_hal_tim_ex.o
    0x08003772   0x08003772   0x00000002   PAD
    0x08003774   0x08003774   0x00000068   Code   RO         3920    i.HAL_TIMEx_MasterConfigSynchronization  stm32f1xx_hal_tim_ex.o
    0x080037dc   0x080037dc   0x0000005a   Code   RO         3197    i.HAL_TIM_Base_Init  stm32f1xx_hal_tim.o
    0x08003836   0x08003836   0x00000002   PAD
    0x08003838   0x08003838   0x00000044   Code   RO          588    i.HAL_TIM_Base_MspInit  stm32f1xx_hal_msp.o
    0x0800387c   0x0800387c   0x00000050   Code   RO         3200    i.HAL_TIM_Base_Start  stm32f1xx_hal_tim.o
    0x080038cc   0x080038cc   0x00000058   Code   RO         3202    i.HAL_TIM_Base_Start_IT  stm32f1xx_hal_tim.o
    0x08003924   0x08003924   0x00000026   Code   RO         3203    i.HAL_TIM_Base_Stop  stm32f1xx_hal_tim.o
    0x0800394a   0x0800394a   0x000000d6   Code   RO         3206    i.HAL_TIM_ConfigClockSource  stm32f1xx_hal_tim.o
    0x08003a20   0x08003a20   0x00000002   Code   RO         3231    i.HAL_TIM_IC_CaptureCallback  stm32f1xx_hal_tim.o
    0x08003a22   0x08003a22   0x00000166   Code   RO         3245    i.HAL_TIM_IRQHandler  stm32f1xx_hal_tim.o
    0x08003b88   0x08003b88   0x00000002   Code   RO         3248    i.HAL_TIM_OC_DelayElapsedCallback  stm32f1xx_hal_tim.o
    0x08003b8a   0x08003b8a   0x00000002   Code   RO         3275    i.HAL_TIM_PWM_PulseFinishedCallback  stm32f1xx_hal_tim.o
    0x08003b8c   0x08003b8c   0x00000020   Code   RO          211    i.HAL_TIM_PeriodElapsedCallback  main.o
    0x08003bac   0x08003bac   0x00000002   Code   RO         3288    i.HAL_TIM_TriggerCallback  stm32f1xx_hal_tim.o
    0x08003bae   0x08003bae   0x00000002   Code   RO          486    i.HardFault_Handler  stm32f1xx_it.o
    0x08003bb0   0x08003bb0   0x0000002c   Code   RO          212    i.InitJoystick      main.o
    0x08003bdc   0x08003bdc   0x00000038   Code   RO          722    i.IntToUnicode      usbd_desc.o
    0x08003c14   0x08003c14   0x00000048   Code   RO           14    i.LCDChrXY          lcd.o
    0x08003c5c   0x08003c5c   0x00000050   Code   RO           15    i.LCDChrXYInverse   lcd.o
    0x08003cac   0x08003cac   0x00000018   Code   RO           16    i.LCDClear          lcd.o
    0x08003cc4   0x08003cc4   0x00000022   Code   RO           17    i.LCDContrast       lcd.o
    0x08003ce6   0x08003ce6   0x00000002   PAD
    0x08003ce8   0x08003ce8   0x0000016c   Code   RO           18    i.LCDInit           lcd.o
    0x08003e54   0x08003e54   0x00000060   Code   RO           20    i.LCDSend           lcd.o
    0x08003eb4   0x08003eb4   0x0000002a   Code   RO           21    i.LCDStr            lcd.o
    0x08003ede   0x08003ede   0x00000002   PAD
    0x08003ee0   0x08003ee0   0x00000030   Code   RO           22    i.LCDUpdate         lcd.o
    0x08003f10   0x08003f10   0x0000007c   Code   RO          213    i.MX_ADC1_Init      main.o
    0x08003f8c   0x08003f8c   0x00000050   Code   RO          214    i.MX_ADC2_Init      main.o
    0x08003fdc   0x08003fdc   0x000000c0   Code   RO          215    i.MX_GPIO_Init      main.o
    0x0800409c   0x0800409c   0x00000044   Code   RO          216    i.MX_SPI1_Init      main.o
    0x080040e0   0x080040e0   0x00000068   Code   RO          217    i.MX_TIM3_Init      main.o
    0x08004148   0x08004148   0x00000054   Code   RO          665    i.MX_USB_DEVICE_Init  usb_device.o
    0x0800419c   0x0800419c   0x00000002   Code   RO          487    i.MemManage_Handler  stm32f1xx_it.o
    0x0800419e   0x0800419e   0x00000002   Code   RO          488    i.NMI_Handler       stm32f1xx_it.o
    0x080041a0   0x080041a0   0x00000314   Code   RO         1144    i.PCD_EP_ISR_Handler  stm32f1xx_hal_pcd.o
    0x080044b4   0x080044b4   0x00000002   Code   RO          489    i.PendSV_Handler    stm32f1xx_it.o
    0x080044b6   0x080044b6   0x00000020   Code   RO         2922    i.SPI_EndRxTxTransaction  stm32f1xx_hal_spi.o
    0x080044d6   0x080044d6   0x00000002   PAD
    0x080044d8   0x080044d8   0x000000b8   Code   RO         2927    i.SPI_WaitFlagStateUntilTimeout  stm32f1xx_hal_spi.o
    0x08004590   0x08004590   0x00000002   Code   RO          490    i.SVC_Handler       stm32f1xx_it.o
    0x08004592   0x08004592   0x00000004   Code   RO          491    i.SysTick_Handler   stm32f1xx_it.o
    0x08004596   0x08004596   0x0000007c   Code   RO          218    i.SystemClock_Config  main.o
    0x08004612   0x08004612   0x00000002   Code   RO         4526    i.SystemInit        system_stm32f1xx.o
    0x08004614   0x08004614   0x00000074   Code   RO          219    i.TIM1_Init         main.o
    0x08004688   0x08004688   0x0000000c   Code   RO          492    i.TIM1_UP_IRQHandler  stm32f1xx_it.o
    0x08004694   0x08004694   0x0000006c   Code   RO         3290    i.TIM_Base_SetConfig  stm32f1xx_hal_tim.o
    0x08004700   0x08004700   0x00000014   Code   RO         3301    i.TIM_ETR_SetConfig  stm32f1xx_hal_tim.o
    0x08004714   0x08004714   0x00000010   Code   RO         3302    i.TIM_ITRx_SetConfig  stm32f1xx_hal_tim.o
    0x08004724   0x08004724   0x00000022   Code   RO         3308    i.TIM_TI1_ConfigInputStage  stm32f1xx_hal_tim.o
    0x08004746   0x08004746   0x00000024   Code   RO         3310    i.TIM_TI2_ConfigInputStage  stm32f1xx_hal_tim.o
    0x0800476a   0x0800476a   0x00000046   Code   RO         4826    i.USBD_CDC_DataIn   usbd_cdc.o
    0x080047b0   0x080047b0   0x0000002e   Code   RO         4827    i.USBD_CDC_DataOut  usbd_cdc.o
    0x080047de   0x080047de   0x00000044   Code   RO         4828    i.USBD_CDC_DeInit   usbd_cdc.o
    0x08004822   0x08004822   0x00000024   Code   RO         4829    i.USBD_CDC_EP0_RxReady  usbd_cdc.o
    0x08004846   0x08004846   0x00000002   PAD
    0x08004848   0x08004848   0x0000000c   Code   RO         4830    i.USBD_CDC_GetDeviceQualifierDescriptor  usbd_cdc.o
    0x08004854   0x08004854   0x0000000c   Code   RO         4831    i.USBD_CDC_GetFSCfgDesc  usbd_cdc.o
    0x08004860   0x08004860   0x0000000c   Code   RO         4832    i.USBD_CDC_GetHSCfgDesc  usbd_cdc.o
    0x0800486c   0x0800486c   0x0000000c   Code   RO         4833    i.USBD_CDC_GetOtherSpeedCfgDesc  usbd_cdc.o
    0x08004878   0x08004878   0x00000094   Code   RO         4834    i.USBD_CDC_Init     usbd_cdc.o
    0x0800490c   0x0800490c   0x00000028   Code   RO         4835    i.USBD_CDC_ReceivePacket  usbd_cdc.o
    0x08004934   0x08004934   0x00000010   Code   RO         4836    i.USBD_CDC_RegisterInterface  usbd_cdc.o
    0x08004944   0x08004944   0x0000000c   Code   RO         4837    i.USBD_CDC_SetRxBuffer  usbd_cdc.o
    0x08004950   0x08004950   0x00000010   Code   RO         4838    i.USBD_CDC_SetTxBuffer  usbd_cdc.o
    0x08004960   0x08004960   0x000000ac   Code   RO         4839    i.USBD_CDC_Setup    usbd_cdc.o
    0x08004a0c   0x08004a0c   0x00000036   Code   RO         4840    i.USBD_CDC_TransmitPacket  usbd_cdc.o
    0x08004a42   0x08004a42   0x0000000e   Code   RO         4563    i.USBD_ClrClassConfig  usbd_core.o
    0x08004a50   0x08004a50   0x00000010   Code   RO         4766    i.USBD_CtlContinueRx  usbd_ioreq.o
    0x08004a60   0x08004a60   0x00000010   Code   RO         4767    i.USBD_CtlContinueSendData  usbd_ioreq.o
    0x08004a70   0x08004a70   0x00000016   Code   RO         4701    i.USBD_CtlError     usbd_ctlreq.o
    0x08004a86   0x08004a86   0x0000001e   Code   RO         4768    i.USBD_CtlPrepareRx  usbd_ioreq.o
    0x08004aa4   0x08004aa4   0x00000016   Code   RO         4769    i.USBD_CtlReceiveStatus  usbd_ioreq.o
    0x08004aba   0x08004aba   0x0000001a   Code   RO         4770    i.USBD_CtlSendData  usbd_ioreq.o
    0x08004ad4   0x08004ad4   0x00000016   Code   RO         4771    i.USBD_CtlSendStatus  usbd_ioreq.o
    0x08004aea   0x08004aea   0x00000002   PAD
    0x08004aec   0x08004aec   0x00000020   Code   RO          723    i.USBD_FS_ConfigStrDescriptor  usbd_desc.o
    0x08004b0c   0x08004b0c   0x0000000c   Code   RO          724    i.USBD_FS_DeviceDescriptor  usbd_desc.o
    0x08004b18   0x08004b18   0x00000024   Code   RO          725    i.USBD_FS_InterfaceStrDescriptor  usbd_desc.o
    0x08004b3c   0x08004b3c   0x0000000c   Code   RO          726    i.USBD_FS_LangIDStrDescriptor  usbd_desc.o
    0x08004b48   0x08004b48   0x00000028   Code   RO          727    i.USBD_FS_ManufacturerStrDescriptor  usbd_desc.o
    0x08004b70   0x08004b70   0x0000002c   Code   RO          728    i.USBD_FS_ProductStrDescriptor  usbd_desc.o
    0x08004b9c   0x08004b9c   0x00000038   Code   RO          729    i.USBD_FS_SerialStrDescriptor  usbd_desc.o
    0x08004bd4   0x08004bd4   0x000000e8   Code   RO         4702    i.USBD_GetDescriptor  usbd_ctlreq.o
    0x08004cbc   0x08004cbc   0x00000048   Code   RO         4703    i.USBD_GetString    usbd_ctlreq.o
    0x08004d04   0x08004d04   0x00000018   Code   RO          875    i.USBD_Get_USB_Status  usbd_conf.o
    0x08004d1c   0x08004d1c   0x0000002a   Code   RO         4565    i.USBD_Init         usbd_core.o
    0x08004d46   0x08004d46   0x00000012   Code   RO          876    i.USBD_LL_ClearStallEP  usbd_conf.o
    0x08004d58   0x08004d58   0x00000012   Code   RO          877    i.USBD_LL_CloseEP   usbd_conf.o
    0x08004d6a   0x08004d6a   0x000000c6   Code   RO         4566    i.USBD_LL_DataInStage  usbd_core.o
    0x08004e30   0x08004e30   0x00000082   Code   RO         4567    i.USBD_LL_DataOutStage  usbd_core.o
    0x08004eb2   0x08004eb2   0x00000008   Code   RO          881    i.USBD_LL_GetRxDataSize  usbd_conf.o
    0x08004eba   0x08004eba   0x00000002   PAD
    0x08004ebc   0x08004ebc   0x00000080   Code   RO          882    i.USBD_LL_Init      usbd_conf.o
    0x08004f3c   0x08004f3c   0x00000020   Code   RO          883    i.USBD_LL_IsStallEP  usbd_conf.o
    0x08004f5c   0x08004f5c   0x00000018   Code   RO          884    i.USBD_LL_OpenEP    usbd_conf.o
    0x08004f74   0x08004f74   0x00000012   Code   RO          885    i.USBD_LL_PrepareReceive  usbd_conf.o
    0x08004f86   0x08004f86   0x00000050   Code   RO         4572    i.USBD_LL_Reset     usbd_core.o
    0x08004fd6   0x08004fd6   0x00000014   Code   RO         4573    i.USBD_LL_Resume    usbd_core.o
    0x08004fea   0x08004fea   0x00000018   Code   RO         4574    i.USBD_LL_SOF       usbd_core.o
    0x08005002   0x08005002   0x00000006   Code   RO         4575    i.USBD_LL_SetSpeed  usbd_core.o
    0x08005008   0x08005008   0x00000012   Code   RO          886    i.USBD_LL_SetUSBAddress  usbd_conf.o
    0x0800501a   0x0800501a   0x0000005a   Code   RO         4576    i.USBD_LL_SetupStage  usbd_core.o
    0x08005074   0x08005074   0x00000012   Code   RO          887    i.USBD_LL_StallEP   usbd_conf.o
    0x08005086   0x08005086   0x00000012   Code   RO          888    i.USBD_LL_Start     usbd_conf.o
    0x08005098   0x08005098   0x00000012   Code   RO         4577    i.USBD_LL_Suspend   usbd_core.o
    0x080050aa   0x080050aa   0x00000012   Code   RO          890    i.USBD_LL_Transmit  usbd_conf.o
    0x080050bc   0x080050bc   0x00000028   Code   RO         4704    i.USBD_ParseSetupRequest  usbd_ctlreq.o
    0x080050e4   0x080050e4   0x00000010   Code   RO         4578    i.USBD_RegisterClass  usbd_core.o
    0x080050f4   0x080050f4   0x00000016   Code   RO         4580    i.USBD_SetClassConfig  usbd_core.o
    0x0800510a   0x0800510a   0x00000002   PAD
    0x0800510c   0x0800510c   0x00000084   Code   RO         4705    i.USBD_SetConfig    usbd_ctlreq.o
    0x08005190   0x08005190   0x0000000a   Code   RO         4581    i.USBD_Start        usbd_core.o
    0x0800519a   0x0800519a   0x00000112   Code   RO         4706    i.USBD_StdDevReq    usbd_ctlreq.o
    0x080052ac   0x080052ac   0x00000150   Code   RO         4707    i.USBD_StdEPReq     usbd_ctlreq.o
    0x080053fc   0x080053fc   0x0000004e   Code   RO         4708    i.USBD_StdItfReq    usbd_ctlreq.o
    0x0800544a   0x0800544a   0x00000002   Code   RO          891    i.USBD_static_free  usbd_conf.o
    0x0800544c   0x0800544c   0x00000008   Code   RO          892    i.USBD_static_malloc  usbd_conf.o
    0x08005454   0x08005454   0x00000258   Code   RO         1382    i.USB_ActivateEndpoint  stm32f1xx_ll_usb.o
    0x080056ac   0x080056ac   0x00000004   Code   RO         1385    i.USB_CoreInit      stm32f1xx_ll_usb.o
    0x080056b0   0x080056b0   0x0000010e   Code   RO         1387    i.USB_DeactivateEndpoint  stm32f1xx_ll_usb.o
    0x080057be   0x080057be   0x00000004   Code   RO         1388    i.USB_DevConnect    stm32f1xx_ll_usb.o
    0x080057c2   0x080057c2   0x00000004   Code   RO         1389    i.USB_DevDisconnect  stm32f1xx_ll_usb.o
    0x080057c6   0x080057c6   0x00000012   Code   RO         1390    i.USB_DevInit       stm32f1xx_ll_usb.o
    0x080057d8   0x080057d8   0x0000000e   Code   RO         1391    i.USB_DisableGlobalInt  stm32f1xx_ll_usb.o
    0x080057e6   0x080057e6   0x00000004   Code   RO         1392    i.USB_EP0_OutStart  stm32f1xx_ll_usb.o
    0x080057ea   0x080057ea   0x00000078   Code   RO         1393    i.USB_EPClearStall  stm32f1xx_ll_usb.o
    0x08005862   0x08005862   0x00000032   Code   RO         1394    i.USB_EPSetStall    stm32f1xx_ll_usb.o
    0x08005894   0x08005894   0x0000060c   Code   RO         1395    i.USB_EPStartXfer   stm32f1xx_ll_usb.o
    0x08005ea0   0x08005ea0   0x00000012   Code   RO         1396    i.USB_EnableGlobalInt  stm32f1xx_ll_usb.o
    0x08005eb2   0x08005eb2   0x00000002   PAD
    0x08005eb4   0x08005eb4   0x0000000c   Code   RO          493    i.USB_LP_CAN1_RX0_IRQHandler  stm32f1xx_it.o
    0x08005ec0   0x08005ec0   0x00000006   Code   RO         1403    i.USB_ReadInterrupts  stm32f1xx_ll_usb.o
    0x08005ec6   0x08005ec6   0x00000002   PAD
    0x08005ec8   0x08005ec8   0x0000002c   Code   RO         1404    i.USB_ReadPMA       stm32f1xx_ll_usb.o
    0x08005ef4   0x08005ef4   0x00000004   Code   RO         1405    i.USB_SetCurrentMode  stm32f1xx_ll_usb.o
    0x08005ef8   0x08005ef8   0x0000000c   Code   RO         1406    i.USB_SetDevAddress  stm32f1xx_ll_usb.o
    0x08005f04   0x08005f04   0x00000026   Code   RO         1408    i.USB_WritePMA      stm32f1xx_ll_usb.o
    0x08005f2a   0x08005f2a   0x00000002   Code   RO          494    i.UsageFault_Handler  stm32f1xx_it.o
    0x08005f2c   0x08005f2c   0x00000028   Code   RO         5162    i.__ARM_fpclassify  m_ws.l(fpclassify.o)
    0x08005f54   0x08005f54   0x00000020   Code   RO         2050    i.__NVIC_SetPriority  stm32f1xx_hal_cortex.o
    0x08005f74   0x08005f74   0x000000aa   Code   RO         5164    i.__kernel_poly     m_ws.l(poly.o)
    0x0800601e   0x0800601e   0x00000006   Code   RO         5081    i.__mathlib_dbl_infnan  m_ws.l(dunder.o)
    0x08006024   0x08006024   0x00000004   Code   RO         5082    i.__mathlib_dbl_infnan2  m_ws.l(dunder.o)
    0x08006028   0x08006028   0x00000010   Code   RO         5086    i.__mathlib_dbl_underflow  m_ws.l(dunder.o)
    0x08006038   0x08006038   0x0000000e   Code   RO         4949    i._is_digit         c_w.l(__printf_wp.o)
    0x08006046   0x08006046   0x00000002   PAD
    0x08006048   0x08006048   0x00000220   Code   RO         5071    i.atan              m_ws.l(atan.o)
    0x08006268   0x08006268   0x0000019c   Code   RO         5020    i.atan2             m_ws.l(atan2.o)
    0x08006404   0x08006404   0x00000a34   Code   RO          221    i.main              main.o
    0x08006e38   0x08006e38   0x0000004c   Code   RO         5028    i.sqrt              m_ws.l(sqrt.o)
    0x08006e84   0x08006e84   0x0000002c   Code   RO         5152    locale$$code        c_w.l(lc_numeric_c.o)
    0x08006eb0   0x08006eb0   0x00000062   Code   RO         4975    x$fpl$d2f           fz_ws.l(d2f.o)
    0x08006f12   0x08006f12   0x00000002   PAD
    0x08006f14   0x08006f14   0x00000150   Code   RO         4977    x$fpl$dadd          fz_ws.l(daddsub_clz.o)
    0x08007064   0x08007064   0x00000010   Code   RO         5045    x$fpl$dcheck1       fz_ws.l(dcheck1.o)
    0x08007074   0x08007074   0x00000018   Code   RO         5154    x$fpl$dcmpinf       fz_ws.l(dcmpi.o)
    0x0800708c   0x0800708c   0x000002b0   Code   RO         5048    x$fpl$ddiv          fz_ws.l(ddiv.o)
    0x0800733c   0x0800733c   0x00000078   Code   RO         5051    x$fpl$deqf          fz_ws.l(deqf.o)
    0x080073b4   0x080073b4   0x00000026   Code   RO         4983    x$fpl$dfltu         fz_ws.l(dflt_clz.o)
    0x080073da   0x080073da   0x00000002   PAD
    0x080073dc   0x080073dc   0x00000154   Code   RO         4989    x$fpl$dmul          fz_ws.l(dmul.o)
    0x08007530   0x08007530   0x0000009c   Code   RO         5055    x$fpl$dnaninf       fz_ws.l(dnaninf.o)
    0x080075cc   0x080075cc   0x0000000c   Code   RO         5057    x$fpl$dretinf       fz_ws.l(dretinf.o)
    0x080075d8   0x080075d8   0x00000016   Code   RO         4978    x$fpl$drsb          fz_ws.l(daddsub_clz.o)
    0x080075ee   0x080075ee   0x00000002   PAD
    0x080075f0   0x080075f0   0x000001cc   Code   RO         5059    x$fpl$dsqrt         fz_ws.l(dsqrt_noumaal.o)
    0x080077bc   0x080077bc   0x000001d4   Code   RO         4979    x$fpl$dsub          fz_ws.l(daddsub_clz.o)
    0x08007990   0x08007990   0x00000056   Code   RO         4991    x$fpl$f2d           fz_ws.l(f2d.o)
    0x080079e6   0x080079e6   0x00000002   PAD
    0x080079e8   0x080079e8   0x000000c4   Code   RO         4993    x$fpl$fadd          fz_ws.l(faddsub_clz.o)
    0x08007aac   0x08007aac   0x0000000c   Code   RO         5061    x$fpl$fcheck1       fz_ws.l(fcheck1.o)
    0x08007ab8   0x08007ab8   0x00000018   Code   RO         5156    x$fpl$fcmpinf       fz_ws.l(fcmpi.o)
    0x08007ad0   0x08007ad0   0x00000184   Code   RO         5000    x$fpl$fdiv          fz_ws.l(fdiv.o)
    0x08007c54   0x08007c54   0x00000030   Code   RO         5004    x$fpl$fflt          fz_ws.l(fflt_clz.o)
    0x08007c84   0x08007c84   0x00000068   Code   RO         5063    x$fpl$fleqf         fz_ws.l(fleqf.o)
    0x08007cec   0x08007cec   0x00000102   Code   RO         5009    x$fpl$fmul          fz_ws.l(fmul.o)
    0x08007dee   0x08007dee   0x0000008c   Code   RO         5065    x$fpl$fnaninf       fz_ws.l(fnaninf.o)
    0x08007e7a   0x08007e7a   0x0000000a   Code   RO         5067    x$fpl$fretinf       fz_ws.l(fretinf.o)
    0x08007e84   0x08007e84   0x00000062   Code   RO         5011    x$fpl$frleqf        fz_ws.l(frleqf.o)
    0x08007ee6   0x08007ee6   0x00000002   PAD
    0x08007ee8   0x08007ee8   0x000000ea   Code   RO         4995    x$fpl$fsub          fz_ws.l(faddsub_clz.o)
    0x08007fd2   0x08007fd2   0x00000004   Code   RO         5013    x$fpl$printf1       fz_ws.l(printf1.o)
    0x08007fd6   0x08007fd6   0x00000064   Code   RO         5160    x$fpl$retnan        fz_ws.l(retnan.o)
    0x0800803a   0x0800803a   0x0000005c   Code   RO         5015    x$fpl$scalbn        fz_ws.l(scalbn.o)
    0x08008096   0x08008096   0x0000004c   Code   RO         5017    x$fpl$scalbnf       fz_ws.l(scalbnf.o)
    0x080080e2   0x080080e2   0x00000030   Code   RO         5226    x$fpl$trapveneer    fz_ws.l(trapv.o)
    0x08008112   0x08008112   0x00000000   Code   RO         5069    x$fpl$usenofp       fz_ws.l(usenofp.o)
    0x08008112   0x08008112   0x000001d6   Data   RO           24    .constdata          lcd.o
    0x080082e8   0x080082e8   0x00000070   Data   RO          225    .constdata          main.o
    0x08008358   0x08008358   0x00000010   Data   RO         4527    .constdata          system_stm32f1xx.o
    0x08008368   0x08008368   0x00000008   Data   RO         4528    .constdata          system_stm32f1xx.o
    0x08008370   0x08008370   0x00000098   Data   RO         5072    .constdata          m_ws.l(atan.o)
    0x08008408   0x08008408   0x00000008   Data   RO         5094    .constdata          m_ws.l(qnan.o)
    0x08008410   0x08008410   0x00000094   Data   RO         5127    .constdata          c_w.l(bigflt0.o)
    0x080084a4   0x080084a4   0x00000020   Data   RO         5309    Region$$Table       anon$$obj.o
    0x080084c4   0x080084c4   0x0000001c   Data   RO         5151    locale$$data        c_w.l(lc_numeric_c.o)


    Execution Region RW_IRAM1 (Exec base: 0x20000000, Load base: 0x080084e0, Size: 0x000044e8, Max: 0x00005000, ABSOLUTE, COMPRESSED[0x00000114])

    Exec Addr    Load Addr    Size         Type   Attr      Idx    E Section Name        Object

    0x20000000   COMPRESSED   0x00000107   Data   RW          226    .data               main.o
    0x20000107   COMPRESSED   0x00000001   PAD
    0x20000108   COMPRESSED   0x0000001c   Data   RW          731    .data               usbd_desc.o
    0x20000124   COMPRESSED   0x00000032   Data   RW          732    .data               usbd_desc.o
    0x20000156   COMPRESSED   0x00000001   Data   RW          814    .data               usbd_cdc_if.o
    0x20000157   COMPRESSED   0x00000001   PAD
    0x20000158   COMPRESSED   0x00000010   Data   RW          815    .data               usbd_cdc_if.o
    0x20000168   COMPRESSED   0x0000000c   Data   RW         1587    .data               stm32f1xx_hal.o
    0x20000174   COMPRESSED   0x00000004   Data   RW         4529    .data               system_stm32f1xx.o
    0x20000178   COMPRESSED   0x00000001   Data   RW         4709    .data               usbd_ctlreq.o
    0x20000179   COMPRESSED   0x00000003   PAD
    0x2000017c   COMPRESSED   0x000000d7   Data   RW         4841    .data               usbd_cdc.o
    0x20000253   COMPRESSED   0x00000001   PAD
    0x20000254   COMPRESSED   0x00000038   Data   RW         4842    .data               usbd_cdc.o
    0x2000028c        -       0x000001f8   Zero   RW           23    .bss                lcd.o
    0x20000484        -       0x000025b0   Zero   RW          222    .bss                main.o
    0x20002a34        -       0x000002c4   Zero   RW          666    .bss                usb_device.o
    0x20002cf8        -       0x00000200   Zero   RW          730    .bss                usbd_desc.o
    0x20002ef8        -       0x00000080   Zero   RW          813    .bss                usbd_cdc_if.o
    0x20002f78        -       0x0000050c   Zero   RW          893    .bss                usbd_conf.o
    0x20003484        -       0x00000060   Zero   RW         5167    .bss                c_w.l(libspace.o)
    0x200034e4   COMPRESSED   0x00000004   PAD
    0x200034e8        -       0x00000800   Zero   RW            2    HEAP                startup_stm32f103xb.o
    0x20003ce8        -       0x00000800   Zero   RW            1    STACK               startup_stm32f103xb.o


==============================================================================

Image component sizes


      Code (inc. data)   RO Data    RW Data    ZI Data      Debug   Object Name

       760         64        470          0        504     473089   lcd.o
      4134        356        112        263       9648     490187   main.o
        64         26        236          0       4096        852   startup_stm32f103xb.o
       164         28          0         12          0       5941   stm32f1xx_hal.o
      1374         52          0          0          0       7016   stm32f1xx_hal_adc.o
       330         16          0          0          0       2894   stm32f1xx_hal_adc_ex.o
       198         14          0          0          0      28971   stm32f1xx_hal_cortex.o
       432         32          0          0          0       2012   stm32f1xx_hal_dma.o
       516         34          0          0          0       4152   stm32f1xx_hal_gpio.o
       488         64          0          0          0       3177   stm32f1xx_hal_msp.o
      2980          0          0          0          0      13957   stm32f1xx_hal_pcd.o
        60          0          0          0          0       1182   stm32f1xx_hal_pcd_ex.o
      1240         88          0          0          0       4653   stm32f1xx_hal_rcc.o
       436         46          0          0          0       2549   stm32f1xx_hal_rcc_ex.o
       752          4          0          0          0       4426   stm32f1xx_hal_spi.o
      1090         40          0          0          0      10954   stm32f1xx_hal_tim.o
       108         12          0          0          0       2389   stm32f1xx_hal_tim_ex.o
        72         22          0          0          0       5296   stm32f1xx_it.o
      2758          0          0          0          0      16659   stm32f1xx_ll_usb.o
         2          0         24          4          0       1131   system_stm32f1xx.o
        84         18          0          0        708       7147   usb_device.o
       726         16          0        271          0      13122   usbd_cdc.o
       208         28          0         17        128       3636   usbd_cdc_if.o
       556         30          0          0       1292      14325   usbd_conf.o
       670          0          0          0          0       9531   usbd_core.o
      1186         28          0          1          0       7960   usbd_ctlreq.o
       288        104          0         78        512       5973   usbd_desc.o
       132          0          0          0          0       4360   usbd_ioreq.o

    ----------------------------------------------------------------------
     21848       1122        874        652      16888    1147541   Object Totals
         0          0         32          0          0          0   (incl. Generated)
        40          0          0          6          0          0   (incl. Padding)

    ----------------------------------------------------------------------

      Code (inc. data)   RO Data    RW Data    ZI Data      Debug   Library Member Name

        90          0          0          0          0          0   __dczerorl2.o
         8          0          0          0          0         68   __main.o
       284          0          0          0          0        156   __printf_wp.o
         0          0          0          0          0          0   __rtentry.o
        12          0          0          0          0          0   __rtentry2.o
         6          0          0          0          0          0   __rtentry4.o
        52          8          0          0          0          0   __scatter.o
        28          0          0          0          0          0   __scatter_zi.o
        48          6          0          0          0         96   _printf_char_common.o
         6          0          0          0          0          0   _printf_f.o
      1054          0          0          0          0        216   _printf_fp_dec.o
       128         16          0          0          0         84   _printf_fp_infnan.o
         0          0          0          0          0          0   _printf_percent.o
         4          0          0          0          0          0   _printf_percent_end.o
        22          0          0          0          0        100   _rserrno.o
        10          0          0          0          0         68   _sputc.o
       228          4        148          0          0         96   bigflt0.o
      1936        128          0          0          0        672   btod.o
        18          0          0          0          0         80   exit.o
         6          0          0          0          0        152   heapauxi.o
         0          0          0          0          0          0   indicate_semi.o
        44         10         28          0          0         76   lc_numeric_c.o
         2          0          0          0          0          0   libinit.o
        18          0          0          0          0          0   libinit2.o
         2          0          0          0          0          0   libshutdown.o
         2          0          0          0          0          0   libshutdown2.o
         8          4          0          0         96         68   libspace.o
       138          0          0          0          0         80   lludiv10.o
        40          6          0          0          0         84   noretval__2sprintf.o
         8          4          0          0          0         68   rt_errno_addr_intlibspace.o
         8          4          0          0          0         68   rt_locale_intlibspace.o
        68          0          0          0          0         68   rt_memclr.o
        78          0          0          0          0         80   rt_memclr_w.o
       138          0          0          0          0         68   rt_memcpy_v6.o
       100          0          0          0          0         80   rt_memcpy_w.o
         2          0          0          0          0          0   rtexit.o
        10          0          0          0          0          0   rtexit2.o
       128          0          0          0          0         68   strcmpv7m.o
       150          0          0          0          0         80   strncmp.o
        12          4          0          0          0         68   sys_exit.o
        74          0          0          0          0         80   sys_stackheap_outer.o
         2          0          0          0          0         68   use_no_semi.o
        98          4          0          0          0         92   d2f.o
       826         16          0          0          0        348   daddsub_clz.o
        16          4          0          0          0         68   dcheck1.o
        24          0          0          0          0         68   dcmpi.o
       688        140          0          0          0        208   ddiv.o
       120          4          0          0          0         92   deqf.o
        38          0          0          0          0         68   dflt_clz.o
       340         12          0          0          0        104   dmul.o
       156          4          0          0          0         92   dnaninf.o
        12          0          0          0          0         68   dretinf.o
       460         56          0          0          0        120   dsqrt_noumaal.o
        86          4          0          0          0         84   f2d.o
       430          8          0          0          0        168   faddsub_clz.o
        12          4          0          0          0         68   fcheck1.o
        24          0          0          0          0         68   fcmpi.o
       388         76          0          0          0         96   fdiv.o
        48          0          0          0          0         68   fflt_clz.o
       104          4          0          0          0         84   fleqf.o
       258          4          0          0          0         84   fmul.o
       140          4          0          0          0         84   fnaninf.o
        10          0          0          0          0         68   fretinf.o
        98          0          0          0          0         68   frleqf.o
         4          0          0          0          0         68   printf1.o
       100          0          0          0          0         68   retnan.o
        92          0          0          0          0         68   scalbn.o
        76          0          0          0          0         68   scalbnf.o
        48          0          0          0          0         68   trapv.o
         0          0          0          0          0          0   usenofp.o
       544         70        152          0          0        124   atan.o
       412         38          0          0          0        144   atan2.o
        26          6          0          0          0        204   dunder.o
        40          0          0          0          0         68   fpclassify.o
       170          0          0          0          0         96   poly.o
         0          0          8          0          0          0   qnan.o
        76          0          0          0          0         84   sqrt.o

    ----------------------------------------------------------------------
     10958        652        336          0        100       6220   Library Totals
        22          0          0          0          4          0   (incl. Padding)

    ----------------------------------------------------------------------

      Code (inc. data)   RO Data    RW Data    ZI Data      Debug   Library Name

      4972        194        176          0         96       2892   c_w.l
      4696        344          0          0          0       2608   fz_ws.l
      1268        114        160          0          0        720   m_ws.l

    ----------------------------------------------------------------------
     10958        652        336          0        100       6220   Library Totals

    ----------------------------------------------------------------------

==============================================================================


      Code (inc. data)   RO Data    RW Data    ZI Data      Debug   

     32806       1774       1210        652      16988    1139665   Grand Totals
     32806       1774       1210        276      16988    1139665   ELF Image Totals (compressed)
     32806       1774       1210        276          0          0   ROM Totals

==============================================================================

    Total RO  Size (Code + RO Data)                34016 (  33.22kB)
    Total RW  Size (RW Data + ZI Data)             17640 (  17.23kB)
    Total ROM Size (Code + RO Data + RW Data)      34292 (  33.49kB)

==============================================================================

